******************************************************************************
                  TI ARM Linker PC v5.2.2                      
******************************************************************************
>> Linked Wed Nov 30 18:39:23 2016

OUTPUT FILE NAME:   <acceller.out>
ENTRY POINT SYMBOL: "_c_int00"  address: 20010a65


MEMORY CONFIGURATION

         name            origin    length      used     unused   attr    fill
----------------------  --------  ---------  --------  --------  ----  --------
  SRAM_CODE             20004000   00013000  0000e45c  00004ba4  RW X
  SRAM_DATA             20017000   00019000  000076dc  00011924  RW X


SEGMENT ALLOCATION MAP

run origin  load origin   length   init length attrs members
----------  ----------- ---------- ----------- ----- -------
20004000    20004000    0000e460   0000e460    r-x
  20004000    20004000    00000400   00000400    r-- .intvecs
  20004400    20004400    0000d3c8   0000d3c8    r-x .text
  200117c8    200117c8    00000bc4   00000bc4    r-- .const
  20012390    20012390    000000d0   000000d0    r-- .cinit
20017000    20017000    000066e0   00000000    rw-
  20017000    20017000    0000446c   00000000    rw- .bss
  2001b470    2001b470    00002000   00000000    rw- .sysmem
  2001d470    2001d470    00000270   00000000    rw- .data
2002f000    2002f000    00001000   00000000    rw-
  2002f000    2002f000    00001000   00000000    rw- .stack


SECTION ALLOCATION MAP

 output                                  attributes/
section   page    origin      length       input sections
--------  ----  ----------  ----------   ----------------
.intvecs   0    20004000    00000400     
                  20004000    00000400     startup_ccs.obj (.intvecs)

.init_array 
*          0    20004000    00000000     UNINITIALIZED

.text      0    20004400    0000d3c8     
                  20004400    00001448     main.obj (.text)
                  20005848    00001258     free_rtos.a : tasks.obj (.text)
                  20006aa0    000010a6     rtsv7M4_T_le_eabi.lib : _printfi.obj (.text)
                  20007b46    00000002     driverlib.a : interrupt.obj (.text:IntDefaultHandler)
                  20007b48    00001060     TFT.obj (.text)
                  20008ba8    00000b24     free_rtos.a : queue.obj (.text)
                  200096cc    000005ec     simplelink.a : driver.obj (.text:_SlDrvMsgRead)
                  20009cb8    00000480     rtsv7M4_T_le_eabi.lib : pow.obj (.text)
                  2000a138    00000460     tmp006drv.obj (.text)
                  2000a598    0000045c     free_rtos.a : osi_freertos.obj (.text)
                  2000a9f4    000003dc     rtsv7M4_T_le_eabi.lib : memory.obj (.text)
                  2000add0    00000394     gpio_if.obj (.text)
                  2000b164    000002e4     rtsv7M4_T_le_eabi.lib : xlog.obj (.text)
                  2000b448    00000290     i2c_if.obj (.text)
                  2000b6d8    00000290     uart_if.obj (.text)
                  2000b968    00000248     simplelink.a : driver.obj (.text:_SlDrvRxHdrRead)
                  2000bbb0    00000244                  : wlan.obj (.text:sl_WlanConnect)
                  2000bdf4    000001fc     rtsv7M4_T_le_eabi.lib : xexp.obj (.text)
                  2000bff0    000001f8     light.obj (.text)
                  2000c1e8    000001f4     rtsv7M4_T_le_eabi.lib : ull_div_t2.obj (.text)
                  2000c3dc    000001d0     simplelink.a : driver.obj (.text:_SlDrvReleasePoolObj)
                  2000c5ac    000001cc                  : driver.obj (.text:_SlDrvMsgWrite)
                  2000c778    000001b6     rtsv7M4_T_le_eabi.lib : fd_add_t2.obj (.text)
                  2000c92e    00000002     --HOLE-- [fill = 0]
                  2000c930    00000190     simplelink.a : driver.obj (.text:_SlDrvWaitForPoolObj)
                  2000cac0    00000174                  : driver.obj (.text:_SlDrvDriverCBInit)
                  2000cc34    00000170                  : driver.obj (.text:_SlFindAndSetActiveObj)
                  2000cda4    0000015c     pinmux.obj (.text)
                  2000cf00    0000014c     simplelink.a : cc_pal.obj (.text:spi_Open)
                  2000d04c    00000138                  : socket.obj (.text:sl_Accept)
                  2000d184    00000136     rtsv7M4_T_le_eabi.lib : fd_div_t2.obj (.text)
                  2000d2ba    00000002     --HOLE-- [fill = 0]
                  2000d2bc    00000134     driverlib.a : prcm.obj (.text:PRCMCC3200MCUInit)
                  2000d3f0    0000012a     free_rtos.a : list.obj (.text)
                  2000d51a    00000002     --HOLE-- [fill = 0]
                  2000d51c    00000128     simplelink.a : driver.obj (.text:_SlDrvDataReadOp)
                  2000d644    00000114     rtsv7M4_T_le_eabi.lib : strtoul.obj (.text)
                  2000d758    00000110     free_rtos.a : port.obj (.text)
                  2000d868    00000110     rtsv7M4_T_le_eabi.lib : xdscale.obj (.text)
                  2000d978    00000108     simplelink.a : socket.obj (.text:sl_Connect)
                  2000da80    00000108                  : socket.obj (.text:sl_Send)
                  2000db88    00000104                  : driver.obj (.text:_SlDrvDataWriteOp)
                  2000dc8c    000000fe                  : netapp.obj (.text:_SlDrvNetAppEventHandler)
                  2000dd8a    000000fc     rtsv7M4_T_le_eabi.lib : fd_mul_t2.obj (.text)
                  2000de86    000000fa                           : fs_add_t2.obj (.text)
                  2000df80    000000f4     simplelink.a : driver.obj (.text:_SlDrvDriverCBDeinit)
                  2000e074    000000f0     driverlib.a : udma.obj (.text:uDMAChannelTransferSet)
                  2000e164    000000e4     voice.obj (.text)
                  2000e248    000000dc     simplelink.a : cc_pal.obj (.text:spi_Read)
                  2000e324    000000d8                  : driver.obj (.text:_SlDrvClassifyRxMsg)
                  2000e3fc    000000d4                  : device.obj (.text:sl_Stop)
                  2000e4d0    000000c8                  : netapp.obj (.text:_sl_HandleAsync_DnsGetHostByService)
                  2000e598    000000c0                  : driver.obj (.text:_SlRemoveFromList)
                  2000e658    000000c0     rtsv7M4_T_le_eabi.lib : xdint.obj (.text)
                  2000e718    000000be                           : xdnorm.obj (.text)
                  2000e7d6    00000002     --HOLE-- [fill = 0]
                  2000e7d8    000000bc     simplelink.a : driver.obj (.text:_SlDrvMsgReadCmdCtx)
                  2000e894    000000bc                  : device.obj (.text:sl_Start)
                  2000e950    000000ba     free_rtos.a : portasm.obj (.text)
                  2000ea0a    00000002     --HOLE-- [fill = 0]
                  2000ea0c    000000b8     simplelink.a : driver.obj (.text:_SlAsyncEventGenericHandler)
                  2000eac4    000000b4                  : netapp.obj (.text:sl_NetAppMDNSRegisterUnregisterService)
                  2000eb78    000000a8     driverlib.a : interrupt.obj (.text:IntDisable)
                  2000ec20    000000a8                 : interrupt.obj (.text:IntEnable)
                  2000ecc8    000000a0                 : spi.obj (.text:SPIConfigSetExpClk)
                  2000ed68    0000009c     simplelink.a : driver.obj (.text:_SlDrvMsgReadSpawnCtx)
                  2000ee04    0000009c     rtsv7M4_T_le_eabi.lib : memcpy_t2.obj (.text)
                  2000eea0    0000009c     simplelink.a : device.obj (.text:sl_DevGet)
                  2000ef3c    00000094     driverlib.a : prcm.obj (.text:PRCMPeripheralClockGet)
                  2000efd0    00000092     rtsv7M4_T_le_eabi.lib : fs_div_t2.obj (.text)
                  2000f062    00000002     --HOLE-- [fill = 0]
                  2000f064    0000008c     simplelink.a : cc_pal.obj (.text:SetupDMAReceive)
                  2000f0f0    0000008c                  : cc_pal.obj (.text:SetupDMASend)
                  2000f17c    0000008c                  : netapp.obj (.text:_sl_HandleAsync_DnsGetHostByName)
                  2000f208    0000008c                  : netapp.obj (.text:_sl_HandleAsync_PingResponse)
                  2000f294    0000008c                  : cc_pal.obj (.text:spi_Write)
                  2000f320    00000088     driverlib.a : pin.obj (.text:PinConfigSet)
                  2000f3a8    00000088     rtsv7M4_T_le_eabi.lib : vsnprintf.obj (.text)
                  2000f430    00000088     simplelink.a : socket.obj (.text:sl_Bind)
                  2000f4b8    00000086     rtsv7M4_T_le_eabi.lib : fd_cmp_t2.obj (.text:__aeabi_cdcmple)
                  2000f53e    00000086                           : fd_cmp_t2.obj (.text:__aeabi_cdrcmple)
                  2000f5c4    00000084     driverlib.a : i2c.obj (.text:I2CMasterInitExpClk)
                  2000f648    00000084     simplelink.a : cc_pal.obj (.text:NwpPowerOnPreamble)
                  2000f6cc    00000082     driverlib.a : gpio.obj (.text:GPIOIntTypeSet)
                  2000f74e    00000002     --HOLE-- [fill = 0]
                  2000f750    00000080     simplelink.a : driver.obj (.text:_SlDrvCmdOp)
                  2000f7d0    00000080                  : cc_pal.obj (.text:spi_Read_CPU)
                  2000f850    00000080                  : cc_pal.obj (.text:spi_Write_CPU)
                  2000f8d0    0000007c                  : device.obj (.text:_sl_HandleAsync_InitComplete)
                  2000f94c    0000007a     rtsv7M4_T_le_eabi.lib : fs_mul_t2.obj (.text)
                  2000f9c6    0000007a                           : memset_t2.obj (.text)
                  2000fa40    00000078     simplelink.a : socket.obj (.text:_sl_HandleAsync_Connect)
                  2000fab8    00000078                  : cc_pal.obj (.text:spi_Close)
                  2000fb30    00000076     driverlib.a : uart.obj (.text:UARTConfigSetExpClk)
                  2000fba6    00000002     --HOLE-- [fill = 0]
                  2000fba8    00000074     simplelink.a : socket.obj (.text:sl_Recv)
                  2000fc1c    0000006c                  : driver.obj (.text:_SlDrvCmdSend)
                  2000fc88    0000006c     rtsv7M4_T_le_eabi.lib : autoinit.obj (.text)
                  2000fcf4    0000006a                           : copy_decompress_rle.obj (.text)
                  2000fd5e    00000002     --HOLE-- [fill = 0]
                  2000fd60    00000068     simplelink.a : netapp.obj (.text:_sl_NetAppSendTokenValue)
                  2000fdc8    00000068                  : netcfg.obj (.text:sl_NetCfgSet)
                  2000fe30    00000068                  : socket.obj (.text:sl_SetSockOpt)
                  2000fe98    00000068                  : wlan.obj (.text:sl_WlanSet)
                  2000ff00    00000066     rtsv7M4_T_le_eabi.lib : xdunscal.obj (.text)
                  2000ff66    00000002     --HOLE-- [fill = 0]
                  2000ff68    00000064     driverlib.a : udma.obj (.text:uDMAChannelAttributeDisable)
                  2000ffcc    00000064                 : udma.obj (.text:uDMAChannelAttributeEnable)
                  20010030    00000060     rtsv7M4_T_le_eabi.lib : fs_cmp_t2.obj (.text:__aeabi_cfcmple)
                  20010090    00000060     simplelink.a : socket.obj (.text:_sl_HandleAsync_Accept)
                  200100f0    00000060     rtsv7M4_T_le_eabi.lib : sprintf.obj (.text)
                  20010150    00000060     simplelink.a : wlan.obj (.text:sl_WlanPolicySet)
                  200101b0    0000005c                  : socket.obj (.text:sl_Socket)
                  2001020c    00000058     driverlib.a : interrupt.obj (.text:IntPendClear)
                  20010264    00000058                 : prcm.obj (.text:PRCMPeripheralReset)
                  200102bc    00000056     rtsv7M4_T_le_eabi.lib : ltoa.obj (.text)
                  20010312    00000002     --HOLE-- [fill = 0]
                  20010314    00000054     driverlib.a : interrupt.obj (.text:IntPrioritySet)
                  20010368    00000054     simplelink.a : socket.obj (.text:_sl_HandleAsync_Select)
                  200103bc    00000054                  : wlan.obj (.text:sl_WlanRxFilterSet)
                  20010410    00000050                  : device.obj (.text:_sl_HandleAsync_Stop)
                  20010460    0000004c     driverlib.a : spi.obj (.text:SPIIntEnable)
                  200104ac    0000004c     simplelink.a : driver.obj (.text:_SlDrvProtectAsyncRespSetting)
                  200104f8    0000004c                  : driver.obj (.text:_SlDrvRxIrqHandler)
                  20010544    0000004c                  : socket.obj (.text:_sl_BuildAddress)
                  20010590    0000004c     rtsv7M4_T_le_eabi.lib : atoi.obj (.text)
                  200105dc    0000004c                           : cpy_tbl.obj (.text)
                  20010628    0000004c     driverlib.a : udma.obj (.text:uDMAChannelAssign)
                  20010674    0000004a     rtsv7M4_T_le_eabi.lib : fd_tos_t2.obj (.text)
                  200106be    00000002     --HOLE-- [fill = 0]
                  200106c0    00000048     driverlib.a : spi.obj (.text:SPIIntClear)
                  20010708    00000048     simplelink.a : driver.obj (.text:_SlDrvBasicCmd)
                  20010750    00000048     rtsv7M4_T_le_eabi.lib : fd_toi_t2.obj (.text)
                  20010798    00000046                           : ldexp.obj (.text)
                  200107de    00000002     --HOLE-- [fill = 0]
                  200107e0    00000044     driverlib.a : spi.obj (.text:SPIDmaMaskGet)
                  20010824    00000044     simplelink.a : cc_pal.obj (.text:cc_SetupTransfer)
                  20010868    00000044     rtsv7M4_T_le_eabi.lib : exit.obj (.text)
                  200108ac    00000042     simplelink.a : socket.obj (.text:sl_Htonl)
                  200108ee    00000002     --HOLE-- [fill = 0]
                  200108f0    00000040     driverlib.a : pin.obj (.text:PinModeSet)
                  20010930    00000040     rtsv7M4_T_le_eabi.lib : signal.obj (.text)
                  20010970    00000040                           : strtok.obj (.text)
                  200109b0    0000003c     simplelink.a : netapp.obj (.text:CopyPingResultsToReport)
                  200109ec    0000003c     driverlib.a : prcm.obj (.text:PRCMPeripheralClkEnable)
                  20010a28    0000003c     simplelink.a : socket.obj (.text:_sl_TruncatePayloadByProtocol)
                  20010a64    0000003c     rtsv7M4_T_le_eabi.lib : boot.obj (.text)
                  20010aa0    0000003c     simplelink.a : socket.obj (.text:sl_Htons)
                  20010adc    0000003c                  : socket.obj (.text:sl_Listen)
                  20010b18    0000003c     driverlib.a : udma.obj (.text:uDMAChannelControlSet)
                  20010b54    00000038                 : adc.obj (.text:ADCChannelDisable)
                  20010b8c    00000038                 : adc.obj (.text:ADCChannelEnable)
                  20010bc4    00000038     simplelink.a : cc_pal.obj (.text:NwpPowerOff)
                  20010bfc    00000038     free_rtos.a : heap_3.obj (.text)
                  20010c34    00000038     rtsv7M4_T_le_eabi.lib : fs_tod_t2.obj (.text)
                  20010c6c    00000038                           : fs_toi_t2.obj (.text)
                  20010ca4    00000036     driverlib.a : gpio.obj (.text:GPIODirModeSet)
                  20010cda    00000036     simplelink.a : netapp.obj (.text:sl_NetAppMDNSUnRegisterService)
                  20010d10    00000034     driverlib.a : prcm.obj (.text:PRCMPeripheralStatusGet)
                  20010d44    00000034                 : spi.obj (.text:SPIFIFOLevelSet)
                  20010d78    00000034     rtsv7M4_T_le_eabi.lib : feraiseexcept.obj (.text)
                  20010dac    00000034                           : fs_tou_t2.obj (.text)
                  20010de0    00000030     driverlib.a : pin.obj (.text:PinTypeGPIO)
                  20010e10    00000030                 : uart.obj (.text:UARTDisable)
                  20010e40    00000030     simplelink.a : device.obj (.text:_SlDrvDeviceEventHandler)
                  20010e70    00000030     rtsv7M4_T_le_eabi.lib : xferaise.obj (.text)
                  20010ea0    00000030     simplelink.a : socket.obj (.text:sl_Close)
                  20010ed0    00000030                  : wlan.obj (.text:sl_WlanProfileDel)
                  20010f00    00000030                  : wlan.obj (.text:sl_WlanSetMode)
                  20010f30    0000002e     rtsv7M4_T_le_eabi.lib : i_tofd_t2.obj (.text)
                  20010f5e    0000002e                           : raise.obj (.text)
                  20010f8c    0000002c     simplelink.a : cc_pal.obj (.text:DmaSpiSwIntHandler)
                  20010fb8    0000002c     driverlib.a : i2c.obj (.text:I2CMasterErr)
                  20010fe4    0000002c     simplelink.a : cc_pal.obj (.text:NwpPowerOn)
                  20011010    0000002c     driverlib.a : prcm.obj (.text:PRCMSysResetCauseGet)
                  2001103c    0000002a     rtsv7M4_T_le_eabi.lib : strspn.obj (.text)
                  20011066    0000002a                           : xdclass.obj (.text)
                  20011090    00000028     driverlib.a : prcm.obj (.text:PRCMPeripheralClkDisable)
                  200110b8    00000026     simplelink.a : cc_pal.obj (.text:NwpRegisterInterruptHandler)
                  200110de    00000002     --HOLE-- [fill = 0]
                  200110e0    00000024     driverlib.a : interrupt.obj (.text:IntUnregister)
                  20011104    00000024                 : uart.obj (.text:UARTEnable)
                  20011128    00000024     simplelink.a : driver.obj (.text:_SlDrvProtectionObjLockWaitForever)
                  2001114c    00000024     rtsv7M4_T_le_eabi.lib : memmov.obj (.text)
                  20011170    00000024                           : strcspn.obj (.text)
                  20011194    00000024                           : u_tofs_t2.obj (.text)
                  200111b8    00000022     driverlib.a : adc.obj (.text:ADCTimerConfig)
                  200111da    00000022                 : i2c.obj (.text:I2CMasterSlaveAddrSet)
                  200111fc    00000022                 : spi.obj (.text:SPIReset)
                  2001121e    00000022                 : spi.obj (.text:SPIWordCountSet)
                  20011240    00000022     rtsv7M4_T_le_eabi.lib : frexp.obj (.text)
                  20011262    00000020     driverlib.a : gpio.obj (.text:GPIOPinWrite)
                  20011282    00000002     --HOLE-- [fill = 0]
                  20011284    00000020                 : interrupt.obj (.text:IntRegister)
                  200112a4    00000020                 : spi.obj (.text:SPIDataGet)
                  200112c4    00000020     simplelink.a : driver.obj (.text:_SlDrvProtectionObjUnLock)
                  200112e4    0000001e     driverlib.a : i2c.obj (.text:I2CMasterIntStatusEx)
                  20011302    0000001e                 : spi.obj (.text:SPIDataPut)
                  20011320    0000001e                 : uart.obj (.text:UARTCharPut)
                  2001133e    0000001e     simplelink.a : cc_pal.obj (.text:cc_UDMAChannelSelect)
                  2001135c    0000001c     driverlib.a : adc.obj (.text:ADCFIFOLvlGet)
                  20011378    0000001c                 : pin.obj (.text:PinTypeI2C)
                  20011394    0000001c                 : uart.obj (.text:UARTCharGetNonBlocking)
                  200113b0    0000001c     simplelink.a : driver.obj (.text:_SlDrvObjLockWaitForever)
                  200113cc    0000001c                  : driver.obj (.text:_SlDrvSyncObjWaitForever)
                  200113e8    0000001c     rtsv7M4_T_le_eabi.lib : memccpy.obj (.text)
                  20011404    0000001c     driverlib.a : udma.obj (.text:uDMAChannelEnable)
                  20011420    0000001a                 : gpio.obj (.text:GPIOIntEnable)
                  2001143a    0000001a                 : pin.obj (.text:PinTypeSPI)
                  20011454    0000001a                 : pin.obj (.text:PinTypeUART)
                  2001146e    0000001a                 : spi.obj (.text:SPIDmaDisable)
                  20011488    0000001a                 : spi.obj (.text:SPIDmaEnable)
                  200114a2    0000001a                 : spi.obj (.text:SPIFIFODisable)
                  200114bc    0000001a                 : spi.obj (.text:SPIFIFOEnable)
                  200114d6    00000018                 : adc.obj (.text:ADCFIFORead)
                  200114ee    00000018                 : gpio.obj (.text:GPIOPinRead)
                  20011506    00000018                 : spi.obj (.text:SPICSDisable)
                  2001151e    00000018                 : spi.obj (.text:SPICSEnable)
                  20011536    00000018                 : spi.obj (.text:SPIDisable)
                  2001154e    00000018                 : spi.obj (.text:SPIEnable)
                  20011566    00000018                 : uart.obj (.text:UARTCharsAvail)
                  2001157e    00000018     simplelink.a : driver.obj (.text:_SlDrvObjUnLock)
                  20011596    00000018                  : driver.obj (.text:_SlDrvSyncObjSignal)
                  200115ae    00000002     --HOLE-- [fill = 0]
                  200115b0    00000018                  : device.obj (.text:_sl_GetStartResponseConvert)
                  200115c8    00000018     rtsv7M4_T_le_eabi.lib : args_main.obj (.text)
                  200115e0    00000016     driverlib.a : adc.obj (.text:ADCTimerEnable)
                  200115f6    00000016                 : i2c.obj (.text:I2CMasterDataPut)
                  2001160c    00000016                 : i2c.obj (.text:I2CMasterEnable)
                  20011622    00000016                 : prcm.obj (.text:PRCMHIBRegRead)
                  20011638    00000016                 : prcm.obj (.text:PRCMHIBRegWrite)
                  2001164e    00000016     simplelink.a : driver.obj (.text:_SlDrvMemZero)
                  20011664    00000016     rtsv7M4_T_le_eabi.lib : strchr.obj (.text)
                  2001167a    00000014     driverlib.a : adc.obj (.text:ADCEnable)
                  2001168e    00000014                 : cpu.obj (.text:CPUcpsie)
                  200116a2    00000014                 : gpio.obj (.text:GPIOIntClear)
                  200116b6    00000002     --HOLE-- [fill = 0]
                  200116b8    00000014                 : interrupt.obj (.text:IntVTableBaseSet)
                  200116cc    00000014                 : pin.obj (.text:PinTypeADC)
                  200116e0    00000014     rtsv7M4_T_le_eabi.lib : _lock.obj (.text)
                  200116f4    00000014                           : strlen.obj (.text)
                  20011708    00000012     driverlib.a : i2c.obj (.text:I2CMasterControl)
                  2001171a    00000012                 : i2c.obj (.text:I2CMasterIntClearEx)
                  2001172c    00000012                 : i2c.obj (.text:I2CMasterTimeoutSet)
                  2001173e    0000000e                 : i2c.obj (.text:I2CMasterDataGet)
                  2001174c    0000000e     simplelink.a : driver.obj (.text:_SlDrvResetCmdExt)
                  2001175a    0000000e     rtsv7M4_T_le_eabi.lib : copy_decompress_none.obj (.text:decompress:none)
                  20011768    0000000e     startup_ccs.obj (.text)
                  20011776    00000002     --HOLE-- [fill = 0]
                  20011778    0000000c     simplelink.a : cc_pal.obj (.text:NwpMaskInterrupt)
                  20011784    0000000c                  : cc_pal.obj (.text:NwpUnMaskInterrupt)
                  20011790    0000000c     rtsv7M4_T_le_eabi.lib : copy_zero_init.obj (.text:decompress:ZI)
                  2001179c    0000000c     simplelink.a : wlan.obj (.text:sl_WlanDisconnect)
                  200117a8    0000000a     driverlib.a : interrupt.obj (.text:IntMasterEnable)
                  200117b2    00000006                 : utils.obj (.text:UtilsDelay)
                  200117b8    00000006     rtsv7M4_T_le_eabi.lib : copy_decompress_rle.obj (.text:decompress:rle24)
                  200117be    00000006                           : log.obj (.text)
                  200117c4    00000004                           : pre_init.obj (.text)

.const     0    200117c8    00000bc4     
                  200117c8    00000300     TFT.obj (.const:simpleFont)
                  20011ac8    0000012c     TFT.obj (.const:$P$T2$3)
                  20011bf4    00000101     rtsv7M4_T_le_eabi.lib : ctype.obj (.const:.string:_ctypes_)
                  20011cf5    00000003     TFT.obj (.const:.string)
                  20011cf8    00000100     driverlib.a : pin.obj (.const:g_ulPinToPadMap)
                  20011df8    000000d4                 : interrupt.obj (.const:g_pulRegs)
                  20011ecc    000000b0     simplelink.a : wlan.obj (.const:$P$T0$1)
                  20011f7c    000000a8     driverlib.a : prcm.obj (.const:PRCM_PeriphRegsList)
                  20012024    00000080                 : interrupt.obj (.const)
                  200120a4    00000004     --HOLE-- [fill = 0]
                  200120a8    00000048     rtsv7M4_T_le_eabi.lib : xexp.obj (.const)
                  200120f0    0000003c     simplelink.a : driver.obj (.const:OpcodeTranslateTable)
                  2001212c    0000003c                  : wlan.obj (.const)
                  20012168    00000038                  : driver.obj (.const:_SlActionLookupTable)
                  200121a0    00000038     rtsv7M4_T_le_eabi.lib : xlog.obj (.const:p)
                  200121d8    00000034     simplelink.a : driver.obj (.const)
                  2001220c    00000034                  : socket.obj (.const)
                  20012240    00000030     rtsv7M4_T_le_eabi.lib : xdint.obj (.const)
                  20012270    0000002c     main.obj (.const:$P$T3$4)
                  2001229c    0000002b     main.obj (.const:.string)
                  200122c7    00000001     --HOLE-- [fill = 0]
                  200122c8    00000028     simplelink.a : netapp.obj (.const)
                  200122f0    00000022     main.obj (.const:.string:$P$T2$3)
                  20012312    00000002     --HOLE-- [fill = 0]
                  20012314    00000020     main.obj (.const)
                  20012334    00000018     driverlib.a : spi.obj (.const)
                  2001234c    00000014     simplelink.a : device.obj (.const)
                  20012360    00000010                  : socket.obj (.const:.string)
                  20012370    0000000c     TFT.obj (.const)
                  2001237c    00000008     simplelink.a : device.obj (.const:.string)
                  20012384    00000008                  : netcfg.obj (.const)

.cinit     0    20012390    000000d0     
                  20012390    000000aa     (.cinit..data.load) [load image, compression = rle]
                  2001243a    00000002     --HOLE-- [fill = 0]
                  2001243c    0000000c     (__TI_handler_table)
                  20012448    00000008     (.cinit..bss.load) [load image, compression = zero_init]
                  20012450    00000010     (__TI_cinit_table)

.bss       0    20017000    0000446c     UNINITIALIZED
                  20017000    00004000     voice.obj (.bss:pulAdcSamples)
                  2001b000    00000178     simplelink.a : driver.obj (.bss:g_StatMem)
                  2001b178    000000c8     free_rtos.a : tasks.obj (.bss:pxReadyTasksLists)
                  2001b240    00000064     main.obj (.bss:g_cBsdBuf)
                  2001b2a4    00000050     simplelink.a : cc_pal.obj (.bss:g_ucDinDout)
                  2001b2f4    00000050     free_rtos.a : queue.obj (.bss:xQueueRegistry)
                  2001b344    00000024     main.obj (.bss:g_cLight)
                  2001b368    00000024     main.obj (.bss:g_cTemp)
                  2001b38c    00000024     main.obj (.bss:g_cVoice)
                  2001b3b0    00000024     main.obj (.bss:g_ucConnectionSSID)
                  2001b3d4    00000014     (.common:xDelayedTaskList1)
                  2001b3e8    00000014     (.common:xDelayedTaskList2)
                  2001b3fc    00000014     (.common:xPendingReadyList)
                  2001b410    00000014     (.common:xSuspendedTaskList)
                  2001b424    00000014     (.common:xTasksWaitingTermination)
                  2001b438    00000008     (.common:g_ucConnectionBSSID)
                  2001b440    00000004     (.common:DMAMsgQ)
                  2001b444    00000004     (.common:__Errorlog)
                  2001b448    00000004     (.common:g_cDummy)
                  2001b44c    00000004     (.common:g_cRev)
                  2001b450    00000004     (.common:g_light)
                  2001b454    00000004     (.common:g_sockID)
                  2001b458    00000004     (.common:g_temp)
                  2001b45c    00000004     (.common:g_voice)
                  2001b460    00000004     (.common:pxDelayedTaskList)
                  2001b464    00000004     (.common:pxOverflowDelayedTaskList)
                  2001b468    00000001     (.common:RxIrqCnt)
                  2001b469    00000001     (.common:g_ucLED1Pin)
                  2001b46a    00000001     (.common:g_ucLED2Pin)
                  2001b46b    00000001     (.common:g_ucLED3Pin)

.TI.noinit 
*          0    20017000    00000000     UNINITIALIZED

.sysmem    0    2001b470    00002000     UNINITIALIZED
                  2001b470    00000008     rtsv7M4_T_le_eabi.lib : memory.obj (.sysmem)
                  2001b478    00001ff8     --HOLE--

.data      0    2001d470    00000270     UNINITIALIZED
                  2001d470    000000b0     rtsv7M4_T_le_eabi.lib : signal.obj (.data:sigtable)
                  2001d520    00000080                           : xvalues.obj (.data)
                  2001d5a0    00000068                           : xfvalues.obj (.data)
                  2001d608    00000034     free_rtos.a : tasks.obj (.data)
                  2001d63c    00000028     main.obj (.data)
                  2001d664    00000020     gpio_if.obj (.data)
                  2001d684    0000000c     free_rtos.a : osi_freertos.obj (.data)
                  2001d690    0000000c     rtsv7M4_T_le_eabi.lib : memory.obj (.data)
                  2001d69c    00000009     simplelink.a : cc_pal.obj (.data)
                  2001d6a5    00000003     --HOLE--
                  2001d6a8    00000009                  : driver.obj (.data)
                  2001d6b1    00000003     --HOLE--
                  2001d6b4    00000008     rtsv7M4_T_le_eabi.lib : _lock.obj (.data)
                  2001d6bc    00000008                           : exit.obj (.data)
                  2001d6c4    00000008                           : feraiseexcept.obj (.data)
                  2001d6cc    00000004     free_rtos.a : port.obj (.data)
                  2001d6d0    00000004     rtsv7M4_T_le_eabi.lib : errno.obj (.data)
                  2001d6d4    00000004                           : stkdepth_vars.obj (.data)
                  2001d6d8    00000004                           : strtok.obj (.data)
                  2001d6dc    00000004     voice.obj (.data)

.TI.persistent 
*          0    2001d470    00000000     UNINITIALIZED

.stack     0    2002f000    00001000     UNINITIALIZED
                  2002f000    00001000     --HOLE--


LINKER GENERATED COPY TABLES

__TI_cinit_table @ 20012450 records: 2, size/record: 8, table size: 16
	.data: load addr=20012390, load size=000000aa bytes, run addr=2001d470, run size=00000270 bytes, compression=rle
	.bss: load addr=20012448, load size=00000008 bytes, run addr=20017000, run size=0000446c bytes, compression=zero_init


LINKER GENERATED HANDLER TABLE

__TI_handler_table @ 2001243c records: 3, size/record: 4, table size: 12
	index: 0, handler: __TI_decompress_rle24
	index: 1, handler: __TI_decompress_none
	index: 2, handler: __TI_zero_init


GLOBAL SYMBOLS: SORTED ALPHABETICALLY BY Name 

address   name                                  
-------   ----                                  
20010b55  ADCChannelDisable                     
20010b8d  ADCChannelEnable                      
2001167b  ADCEnable                             
2001135d  ADCFIFOLvlGet                         
200114d7  ADCFIFORead                           
200111b9  ADCTimerConfig                        
200115e1  ADCTimerEnable                        
20004999  BsdTcpClient                          
20004d89  BsdTcpServer                          
20010869  C$$EXIT                               
2001168f  CPUcpsie                              
2000b719  ClearTerm                             
2000c1b7  CollectLight                          
2000a4f9  CollectTmp                            
2000e185  CollectVoice                          
200109b1  CopyPingResultsToReport               
2001b440  DMAMsgQ                               
20010f8d  DmaSpiSwIntHandler                    
2000b723  Error                                 
20010ca5  GPIODirModeSet                        
200116a3  GPIOIntClear                          
20011421  GPIOIntEnable                         
2000f6cd  GPIOIntTypeSet                        
200114ef  GPIOPinRead                           
20011263  GPIOPinWrite                          
2000b091  GPIO_IF_ConfigureNIntEnable           
2000b10d  GPIO_IF_Get                           
2000b04b  GPIO_IF_GetPortNPin                   
2000ae0d  GPIO_IF_LedConfigure                  
2000aeff  GPIO_IF_LedOff                        
2000ae4b  GPIO_IF_LedOn                         
2000afb3  GPIO_IF_LedStatus                     
2000b01d  GPIO_IF_LedToggle                     
2000b0d3  GPIO_IF_Set                           
2000b75b  GetCmd                                
20011709  I2CMasterControl                      
2001173f  I2CMasterDataGet                      
200115f7  I2CMasterDataPut                      
2001160d  I2CMasterEnable                       
20010fb9  I2CMasterErr                          
2000f5c5  I2CMasterInitExpClk                   
2001171b  I2CMasterIntClearEx                   
200112e5  I2CMasterIntStatusEx                  
200111db  I2CMasterSlaveAddrSet                 
2001172d  I2CMasterTimeoutSet                   
2000b6c1  I2C_IF_Close                          
2000b679  I2C_IF_Open                           
2000b573  I2C_IF_Read                           
2000b62f  I2C_IF_ReadFrom                       
2000b4bd  I2C_IF_Write                          
2000c06f  I2C_readdata                          
2000c095  I2C_readword                          
2000c027  I2C_writecom                          
2000bff1  I2C_writedata                         
2000c03f  I2C_writeword                         
2000b6d9  InitTerm                              
2000eb79  IntDisable                            
2000ec21  IntEnable                             
200117a9  IntMasterEnable                       
2001020d  IntPendClear                          
20010315  IntPrioritySet                        
20011285  IntRegister                           
200110e1  IntUnregister                         
200116b9  IntVTableBaseSet                      
20005339  IpAddressParser                       
2000b6f7  Message                               
20011779  NwpMaskInterrupt                      
20010bc5  NwpPowerOff                           
20010fe5  NwpPowerOn                            
2000f649  NwpPowerOnPreamble                    
200110b9  NwpRegisterInterruptHandler           
20011785  NwpUnMaskInterrupt                    
200120f0  OpcodeTranslateTable                  
2000d2bd  PRCMCC3200MCUInit                     
20011623  PRCMHIBRegRead                        
20011639  PRCMHIBRegWrite                       
20011091  PRCMPeripheralClkDisable              
200109ed  PRCMPeripheralClkEnable               
2000ef3d  PRCMPeripheralClockGet                
20010265  PRCMPeripheralReset                   
20010d11  PRCMPeripheralStatusGet               
20011011  PRCMSysResetCauseGet                  
2000f321  PinConfigSet                          
200108f1  PinModeSet                            
2000cda5  PinMuxConfig                          
200116cd  PinTypeADC                            
20010de1  PinTypeGPIO                           
20011379  PinTypeI2C                            
2001143b  PinTypeSPI                            
20011455  PinTypeUART                           
20007ce5  Read_Register                         
2000b8a9  Report                                
20011769  ResetISR                              
2001b468  RxIrqCnt                              
200121e8  RxMsgClassLUT                         
UNDEFED   SHT$$INIT_ARRAY$$Base                 
UNDEFED   SHT$$INIT_ARRAY$$Limit                
20011507  SPICSDisable                          
2001151f  SPICSEnable                           
2000ecc9  SPIConfigSetExpClk                    
200112a5  SPIDataGet                            
20011303  SPIDataPut                            
20011537  SPIDisable                            
2001146f  SPIDmaDisable                         
20011489  SPIDmaEnable                          
2001154f  SPIEnable                             
200114a3  SPIFIFODisable                        
200114bd  SPIFIFOEnable                         
20010d45  SPIFIFOLevelSet                       
200106c1  SPIIntClear                           
20010461  SPIIntEnable                          
200111fd  SPIReset                              
2001121f  SPIWordCountSet                       
20007bb1  SPI_begin                             
20007be1  SPI_transfer                          
2000463f  SendThread                            
200045e1  SimpleLinkGeneralEventHandler         
200045b9  SimpleLinkHttpServerCallback          
20004521  SimpleLinkNetAppEventHandler          
200045f7  SimpleLinkSockEventHandler            
20004419  SimpleLinkWlanEventHandler            
2001237c  StartResponseLUT                      
20007de9  TFTinit                               
2000a411  TMP006DrvGetTemp                      
2000a179  TMP006DrvOpen                         
2000b811  TrimSpace                             
20011395  UARTCharGetNonBlocking                
20011321  UARTCharPut                           
20011567  UARTCharsAvail                        
2000fb31  UARTConfigSetExpClk                   
20010e11  UARTDisable                           
20011105  UARTEnable                            
200117b3  UtilsDelay                            
2000a861  VDeleteSimpleLinkSpawnTask            
2000a811  VStartSimpleLinkSpawnTask             
2000e165  Voiceinit                             
20007c1b  WRITE_DATA                            
20007c6b  WRITE_Package                         
200054a3  WlanStationMode                       
20011067  _Dclass                               
2001d520  _Denorm                               
2000e659  _Dint                                 
2000e719  _Dnorm                                
2000d869  _Dscale                               
2000ff01  _Dunscale                             
2001d530  _Eps                                  
2001d6d0  _Errno                                
2000bdf5  _Exp                                  
2001d5a0  _FDenorm                              
2001d5b0  _FEps                                 
2001d5c0  _FInf                                 
2001d5d0  _FNan                                 
2001d5f0  _FRteps                               
2001d5e0  _FSnan                                
2001d600  _FXbig                                
2001d604  _FZero                                
2001d6c4  _Fenv                                 
20010e71  _Feraise                              
2001d540  _Hugeval                              
2001d550  _Inf                                  
2000b165  _Log                                  
2001d560  _Nan                                  
2001d580  _Rteps                                
20012220  _SlAcceptCmdCtrl                      
20012168  _SlActionLookupTable                  
2000ea0d  _SlAsyncEventGenericHandler           
20012358  _SlDeviceGetCmdCtrl                   
2001235c  _SlDeviceSetCmdCtrl                   
20010709  _SlDrvBasicCmd                        
2000e325  _SlDrvClassifyRxMsg                   
2000f751  _SlDrvCmdOp                           
2000fc1d  _SlDrvCmdSend                         
2000d51d  _SlDrvDataReadOp                      
2000db89  _SlDrvDataWriteOp                     
20010e41  _SlDrvDeviceEventHandler              
2000df81  _SlDrvDriverCBDeinit                  
2000cac1  _SlDrvDriverCBInit                    
2001164f  _SlDrvMemZero                         
200096cd  _SlDrvMsgRead                         
2000e7d9  _SlDrvMsgReadCmdCtx                   
2000ed69  _SlDrvMsgReadSpawnCtx                 
2000c5ad  _SlDrvMsgWrite                        
2000dc8d  _SlDrvNetAppEventHandler              
200113b1  _SlDrvObjLockWaitForever              
2001157f  _SlDrvObjUnLock                       
200104ad  _SlDrvProtectAsyncRespSetting         
20011129  _SlDrvProtectionObjLockWaitForever    
200112c5  _SlDrvProtectionObjUnLock             
2000c3dd  _SlDrvReleasePoolObj                  
2001174d  _SlDrvResetCmdExt                     
2000b969  _SlDrvRxHdrRead                       
200104f9  _SlDrvRxIrqHandler                    
20011597  _SlDrvSyncObjSignal                   
200113cd  _SlDrvSyncObjWaitForever              
2000c931  _SlDrvWaitForPoolObj                  
20012354  _SlEventMaskGetCmdCtrl                
20012350  _SlEventMaskSetCmdCtrl                
2000cc35  _SlFindAndSetActiveObj                
200122dc  _SlGetHostByNameCtrl                  
200122d8  _SlGetHostByServiceCtrl               
200122d0  _SlGetServiceListeCtrl                
2001222c  _SlGetSockOptCmdCtrl                  
2001221c  _SlListenCmdCtrl                      
200122e8  _SlNetAppGetCmdCtrl                   
200122e4  _SlNetAppSendTokenValueCmdCtrl        
200122e0  _SlNetAppSetCmdCtrl                   
200122c8  _SlNetAppStartCtrl                    
200122cc  _SlNetAppStopCtrl                     
20012388  _SlNetCfgGetCmdCtrl                   
20012384  _SlNetCfgSetCmdCtrl                   
20012360  _SlPayloadByProtocolLUT               
20012130  _SlPolicyGetCmdCtrl                   
2001212c  _SlPolicySetCmdCtrl                   
20012138  _SlProfileDelCmdCtrl                  
20012134  _SlProfileGetCmdCtrl                  
20012224  _SlRecvCmdCtrl                        
20012214  _SlRecvfomCmdCtrl                     
200122d4  _SlRegisterServiceCtrl                
2000e599  _SlRemoveFromList                     
20012140  _SlRxFilterAddtCmdCtrl                
20012148  _SlRxFilterGetCmdCtrl                 
20012144  _SlRxFilterSetCmdCtrl                 
20012230  _SlSelectCmdCtrl                      
20012218  _SlSendCmdCtrl                        
20012228  _SlSetSockOptCmdCtrl                  
2001214c  _SlSmartConfigStartCmdCtrl            
20012210  _SlSockCloseCmdCtrl                   
2001220c  _SlSockSocketCmdCtrl                  
2001234c  _SlStopCmdCtrl                        
20012158  _SlWlanCfgGetCmdCtrl                  
20012154  _SlWlanCfgSetCmdCtrl                  
2001213c  _SlWlanGetNetworkListCtrl             
20012150  _SlWlanSetModeCmdCtrl                 
2001d570  _Snan                                 
2001d6c8  _Tls_setup__Fenv                      
2001d590  _Xbig                                 
2001d598  _Zero                                 
20030000  __STACK_END                           
00001000  __STACK_SIZE                          
00002000  __SYSMEM_SIZE                         
20012450  __TI_CINIT_Base                       
20012460  __TI_CINIT_Limit                      
2001243c  __TI_Handler_Table_Base               
20012448  __TI_Handler_Table_Limit              
2000fc89  __TI_auto_init                        
2001d6bc  __TI_cleanup_ptr                      
2001175b  __TI_decompress_none                  
200117b9  __TI_decompress_rle24                 
2001d6c0  __TI_dtors_ptr                        
20007841  __TI_printfi                          
20012390  __TI_static_base__                    
20011791  __TI_zero_init                        
2000f4b9  __aeabi_cdcmpeq                       
2000f4b9  __aeabi_cdcmple                       
2000f53f  __aeabi_cdrcmple                      
20010031  __aeabi_cfcmpeq                       
20010031  __aeabi_cfcmple                       
20010675  __aeabi_d2f                           
20010751  __aeabi_d2iz                          
2000c783  __aeabi_dadd                          
2000d185  __aeabi_ddiv                          
2000dd8b  __aeabi_dmul                          
2000c779  __aeabi_dsub                          
20010c35  __aeabi_f2d                           
20010c6d  __aeabi_f2iz                          
20010dad  __aeabi_f2uiz                         
2000de8b  __aeabi_fadd                          
2000efd1  __aeabi_fdiv                          
2000f94d  __aeabi_fmul                          
2000de87  __aeabi_fsub                          
20010f31  __aeabi_i2d                           
2000f9c7  __aeabi_memclr                        
2000f9c7  __aeabi_memclr4                       
2000f9c7  __aeabi_memclr8                       
2000ee05  __aeabi_memcpy                        
2000ee05  __aeabi_memcpy4                       
2000ee05  __aeabi_memcpy8                       
2000f9c9  __aeabi_memset                        
2000f9c9  __aeabi_memset4                       
2000f9c9  __aeabi_memset8                       
20011195  __aeabi_ui2f                          
2000c1e9  __aeabi_uldivmod                      
ffffffff  __binit__                             
ffffffff  __c_args__                            
2002f000  __stack                               
200115c9  _args_main                            
20010a65  _c_int00                              
20011bf4  _ctypes_                              
2001d6b4  _lock                                 
200116ef  _nop                                  
200116e7  _register_lock                        
200116e1  _register_unlock                      
20010545  _sl_BuildAddress                      
200115b1  _sl_GetStartResponseConvert           
20010091  _sl_HandleAsync_Accept                
2000fa41  _sl_HandleAsync_Connect               
2000f17d  _sl_HandleAsync_DnsGetHostByName      
2000e4d1  _sl_HandleAsync_DnsGetHostByService   
2000f8d1  _sl_HandleAsync_InitComplete          
2000f209  _sl_HandleAsync_PingResponse          
20010369  _sl_HandleAsync_Select                
20010411  _sl_HandleAsync_Stop                  
2000fd61  _sl_NetAppSendTokenValue              
20010a29  _sl_TruncatePayloadByProtocol         
2001b470  _sys_memory                           
200117c5  _system_pre_init                      
2001d6b8  _unlock                               
2001086d  abort                                 
2000c0cd  apds_init                             
2000c19d  apds_readALS                          
2000c18f  apds_readProximity                    
20010591  atoi                                  
ffffffff  binit                                 
2000ad9d  calloc                                
2001d660  connect_flag                          
20007b49  constrain                             
200105dd  copy_in                               
200081f9  drawChar                              
200084a5  drawCircle                            
200088f7  drawFloat_a                           
2000874f  drawFloat_b                           
20008307  drawHorizontalLine                    
20008353  drawLine                              
20008643  drawNumber                            
20008455  drawRectangle                         
20008ab5  drawSlogan                            
20008295  drawString                            
20008601  drawTraingle                          
20008409  drawVerticalLine                      
20005ad9  eTaskGetState                         
20010875  exit                                  
20010d79  feraiseexcept                         
20008561  fillCircle                            
200082dd  fillRectangle                         
20008169  fillScreen_a                          
20008065  fillScreen_b                          
2000aaeb  free                                  
20011241  frexp                                 
2001d6b0  gFirstCmdMode                         
200121e0  g_H2NCnysPattern                      
200121d8  g_H2NSyncPattern                      
2001d69c  g_SpiFd                               
2001b000  g_StatMem                             
2001b240  g_cBsdBuf                             
2001b448  g_cDummy                              
2001b344  g_cLight                              
2001b44c  g_cRev                                
2001b368  g_cTemp                               
2001b38c  g_cVoice                              
2001b450  g_light                               
2001d6a8  g_pCB                                 
2001d6a0  g_pHostIntHdl                         
20004000  g_pfnVectors                          
2001d65c  g_sensor_flag                         
2001b454  g_sockID                              
2001b458  g_temp                                
2001b438  g_ucConnectionBSSID                   
2001b3b0  g_ucConnectionSSID                    
2001d654  g_ucConnectionStatus                  
2001d6a4  g_ucDMAEnabled                        
2001b2a4  g_ucDinDout                           
2001b469  g_ucLED1Pin                           
2001b46a  g_ucLED2Pin                           
2001b46b  g_ucLED3Pin                           
2001d655  g_ucSimplelinkstarted                 
2001d678  g_uiLED1Port                          
2001d67c  g_uiLED2Port                          
2001d680  g_uiLED3Port                          
2001d64c  g_uiPortNum                           
2001d648  g_ulDestinationIp                     
2001d644  g_ulGatewayIP                         
2001d658  g_ulIpAddr                            
2001d650  g_ulPacketCount                       
2001d640  g_ulPingPacketsRecv                   
2001d63c  g_ulStatus                            
2001b45c  g_voice                               
20010799  ldexp                                 
200117bf  log                                   
200102bd  ltoa                                  
200055b1  main                                  
2001d6d4  main_func_sp                          
2000aa83  malloc                                
2000a965  mem_Free                              
2000a959  mem_Malloc                            
2000a985  mem_copy                              
2000a971  mem_set                               
2000acb9  memalign                              
200113e9  memccpy                               
2000ee05  memcpy                                
2001114d  memmove                               
2000f9cf  memset                                
2000a9f5  minit                                 
2000a9db  osi_ContextRestore                    
2000a9d9  osi_ContextSave                       
2000a999  osi_EnterCritical                     
2000a9a3  osi_ExitCritical                      
2000a5bf  osi_InterruptDeRegister               
2000a599  osi_InterruptRegister                 
2000a6c9  osi_LockObjCreate                     
2000a73d  osi_LockObjDelete                     
2000a74d  osi_LockObjLock                       
2000a779  osi_LockObjUnlock                     
2000a88d  osi_MsgQCreate                        
2000a8d1  osi_MsgQDelete                        
2000a91d  osi_MsgQRead                          
2000a8eb  osi_MsgQWrite                         
2000a9b5  osi_Sleep                             
2000a7a3  osi_Spawn                             
2000a6a7  osi_SyncObjClear                      
2000a5d1  osi_SyncObjCreate                     
2000a601  osi_SyncObjDelete                     
2000a61b  osi_SyncObjSignal                     
2000a643  osi_SyncObjSignalFromISR              
2000a67b  osi_SyncObjWait                       
2000a6ef  osi_TaskCreate                        
2000a72f  osi_TaskDelete                        
2000a9c5  osi_TaskDisable                       
2000a9cf  osi_TaskEnable                        
2000a9ad  osi_start                             
2001d6ac  pPingCallBackFunc                     
20005ffd  pcTaskGetTaskName                     
2000ea05  portCLZ                               
20009cb9  pow                                   
2000e9ed  prvPortStartFirstTask                 
20017000  pulAdcSamples                         
20010bfd  pvPortMalloc                          
2001d608  pxCurrentTCB                          
2000d759  pxPortInitialiseStack                 
20010f5f  raise                                 
20007d2f  readID                                
2000abad  realloc                               
20007bff  sendCMD                               
20007c37  sendData                              
20004c49  sendPacket                            
20007fe9  setCol                                
20008003  setPage                               
200081e1  setPixel                              
200081c3  setXY                                 
20004a83  show_LCD                              
20004b8f  show_LED                              
20010931  signal                                
200117c8  simpleFont                            
2000d04d  sl_Accept                             
2000f431  sl_Bind                               
20010ea1  sl_Close                              
2000d979  sl_Connect                            
2000eea1  sl_DevGet                             
200108ad  sl_Htonl                              
20010aa1  sl_Htons                              
20010add  sl_Listen                             
2000eac5  sl_NetAppMDNSRegisterUnregisterService
20010cdb  sl_NetAppMDNSUnRegisterService        
2000fdc9  sl_NetCfgSet                          
2000fba9  sl_Recv                               
2000da81  sl_Send                               
2000fe31  sl_SetSockOpt                         
200101b1  sl_Socket                             
2000e895  sl_Start                              
2000e3fd  sl_Stop                               
2000bbb1  sl_WlanConnect                        
2001179d  sl_WlanDisconnect                     
20010151  sl_WlanPolicySet                      
20010ed1  sl_WlanProfileDel                     
200103bd  sl_WlanRxFilterSet                    
2000fe99  sl_WlanSet                            
20010f01  sl_WlanSetMode                        
2000fab9  spi_Close                             
2000cf01  spi_Open                              
2000e249  spi_Read                              
2000f295  spi_Write                             
200100f1  sprintf                               
20011665  strchr                                
20011171  strcspn                               
200116f5  strlen                                
2001103d  strspn                                
20010971  strtok                                
2000d645  strtoul                               
20007ba1  tft_cs_high                           
20007b91  tft_cs_low                            
20007b81  tft_dc_high                           
20007b71  tft_dc_low                            
20010629  uDMAChannelAssign                     
2000ff69  uDMAChannelAttributeDisable           
2000ffcd  uDMAChannelAttributeEnable            
20010b19  uDMAChannelControlSet                 
20011405  uDMAChannelEnable                     
2000e075  uDMAChannelTransferSet                
20009329  ucQueueGetQueueType                   
2001d6dc  uiIndex                               
2000e955  ulPortSetInterruptMask                
2000d4d3  uxListRemove                          
20009309  uxQueueGetQueueNumber                 
2000929d  uxQueueMessagesWaiting                
200092d3  uxQueueMessagesWaitingFromISR         
200092b3  uxQueueSpacesAvailable                
20005ff1  uxTaskGetNumberOfTasks                
20006021  uxTaskGetSystemState                  
20006511  uxTaskGetTaskNumber                   
20005b6d  uxTaskPriorityGet                     
20006a69  uxTaskResetEventItemValue             
2000440b  vApplicationIdleHook                  
2000440d  vApplicationMallocFailedHook          
2000440f  vApplicationStackOverflowHook         
20004401  vAssertCalled                         
2000d3f1  vListInitialise                       
2000d421  vListInitialiseItem                   
2000d46d  vListInsert                           
2000d431  vListInsertEnd                        
2000e96b  vPortClearInterruptMask               
2000d7d5  vPortEndScheduler                     
2000d7e9  vPortEnterCritical                    
2000d801  vPortExitCritical                     
20010c1d  vPortFree                             
2000e9c5  vPortSVCHandler                       
2000d835  vPortSetupTimerInterrupt              
2000d7d7  vPortYield                            
20009543  vQueueAddToRegistry                   
200092e5  vQueueDelete                          
20009317  vQueueSetQueueNumber                  
20009585  vQueueUnregisterQueue                 
20005a83  vTaskDelay                            
200059e7  vTaskDelayUntil                       
20005957  vTaskDelete                           
20005ed5  vTaskEndScheduler                     
20006503  vTaskMissedYield                      
20006299  vTaskPlaceOnEventList                 
200062fd  vTaskPlaceOnUnorderedEventList        
200069df  vTaskPriorityDisinherit               
20006925  vTaskPriorityInherit                  
20005ba5  vTaskPrioritySet                      
20005d9d  vTaskResume                           
20006531  vTaskSetTaskNumber                    
20006463  vTaskSetTimeOutState                  
20005e8b  vTaskStartScheduler                   
20005ca9  vTaskSuspend                          
20005ee7  vTaskSuspendAll                       
20006219  vTaskSwitchContext                    
2000f3a9  vsnprintf                             
2001d684  xHigherPriorityTaskWoken              
2000e979  xPortPendSVHandler                    
2000d7a9  xPortStartScheduler                   
2000d819  xPortSysTickHandler                   
200095d3  xQueueAddToSet                        
20008f05  xQueueAltGenericReceive               
20008e59  xQueueAltGenericSend                  
20008d2d  xQueueCreateCountingSemaphore         
20008caf  xQueueCreateMutex                     
200095bf  xQueueCreateSet                       
20008c39  xQueueGenericCreate                   
2000909f  xQueueGenericReceive                  
20008ba9  xQueueGenericReset                    
20008d4d  xQueueGenericSend                     
20009003  xQueueGenericSendFromISR              
200094df  xQueueIsQueueEmptyFromISR             
20009521  xQueueIsQueueFullFromISR              
20009259  xQueuePeekFromISR                     
200091e1  xQueueReceiveFromISR                  
2001b2f4  xQueueRegistry                        
20009607  xQueueRemoveFromSet                   
20009649  xQueueSelectFromSet                   
20009663  xQueueSelectFromSetFromISR            
2001d688  xSimpleLinkSpawnQueue                 
2001d68c  xSimpleLinkSpawnTaskHndl              
20006489  xTaskCheckForTimeOut                  
20005849  xTaskGenericCreate                    
200068d9  xTaskGetCurrentTaskHandle             
200060df  xTaskGetIdleTaskHandle                
200068ed  xTaskGetSchedulerState                
20005fc5  xTaskGetTickCount                     
20005fd9  xTaskGetTickCountFromISR              
200060fd  xTaskIncrementTick                    
2000636d  xTaskRemoveFromEventList              
200063f5  xTaskRemoveFromUnorderedEventList     
20005ef9  xTaskResumeAll                        
20005e11  xTaskResumeFromISR                    


GLOBAL SYMBOLS: SORTED BY Symbol Address 

address   name                                  
-------   ----                                  
00001000  __STACK_SIZE                          
00002000  __SYSMEM_SIZE                         
20004000  g_pfnVectors                          
20004401  vAssertCalled                         
2000440b  vApplicationIdleHook                  
2000440d  vApplicationMallocFailedHook          
2000440f  vApplicationStackOverflowHook         
20004419  SimpleLinkWlanEventHandler            
20004521  SimpleLinkNetAppEventHandler          
200045b9  SimpleLinkHttpServerCallback          
200045e1  SimpleLinkGeneralEventHandler         
200045f7  SimpleLinkSockEventHandler            
2000463f  SendThread                            
20004999  BsdTcpClient                          
20004a83  show_LCD                              
20004b8f  show_LED                              
20004c49  sendPacket                            
20004d89  BsdTcpServer                          
20005339  IpAddressParser                       
200054a3  WlanStationMode                       
200055b1  main                                  
20005849  xTaskGenericCreate                    
20005957  vTaskDelete                           
200059e7  vTaskDelayUntil                       
20005a83  vTaskDelay                            
20005ad9  eTaskGetState                         
20005b6d  uxTaskPriorityGet                     
20005ba5  vTaskPrioritySet                      
20005ca9  vTaskSuspend                          
20005d9d  vTaskResume                           
20005e11  xTaskResumeFromISR                    
20005e8b  vTaskStartScheduler                   
20005ed5  vTaskEndScheduler                     
20005ee7  vTaskSuspendAll                       
20005ef9  xTaskResumeAll                        
20005fc5  xTaskGetTickCount                     
20005fd9  xTaskGetTickCountFromISR              
20005ff1  uxTaskGetNumberOfTasks                
20005ffd  pcTaskGetTaskName                     
20006021  uxTaskGetSystemState                  
200060df  xTaskGetIdleTaskHandle                
200060fd  xTaskIncrementTick                    
20006219  vTaskSwitchContext                    
20006299  vTaskPlaceOnEventList                 
200062fd  vTaskPlaceOnUnorderedEventList        
2000636d  xTaskRemoveFromEventList              
200063f5  xTaskRemoveFromUnorderedEventList     
20006463  vTaskSetTimeOutState                  
20006489  xTaskCheckForTimeOut                  
20006503  vTaskMissedYield                      
20006511  uxTaskGetTaskNumber                   
20006531  vTaskSetTaskNumber                    
200068d9  xTaskGetCurrentTaskHandle             
200068ed  xTaskGetSchedulerState                
20006925  vTaskPriorityInherit                  
200069df  vTaskPriorityDisinherit               
20006a69  uxTaskResetEventItemValue             
20007841  __TI_printfi                          
20007b49  constrain                             
20007b71  tft_dc_low                            
20007b81  tft_dc_high                           
20007b91  tft_cs_low                            
20007ba1  tft_cs_high                           
20007bb1  SPI_begin                             
20007be1  SPI_transfer                          
20007bff  sendCMD                               
20007c1b  WRITE_DATA                            
20007c37  sendData                              
20007c6b  WRITE_Package                         
20007ce5  Read_Register                         
20007d2f  readID                                
20007de9  TFTinit                               
20007fe9  setCol                                
20008003  setPage                               
20008065  fillScreen_b                          
20008169  fillScreen_a                          
200081c3  setXY                                 
200081e1  setPixel                              
200081f9  drawChar                              
20008295  drawString                            
200082dd  fillRectangle                         
20008307  drawHorizontalLine                    
20008353  drawLine                              
20008409  drawVerticalLine                      
20008455  drawRectangle                         
200084a5  drawCircle                            
20008561  fillCircle                            
20008601  drawTraingle                          
20008643  drawNumber                            
2000874f  drawFloat_b                           
200088f7  drawFloat_a                           
20008ab5  drawSlogan                            
20008ba9  xQueueGenericReset                    
20008c39  xQueueGenericCreate                   
20008caf  xQueueCreateMutex                     
20008d2d  xQueueCreateCountingSemaphore         
20008d4d  xQueueGenericSend                     
20008e59  xQueueAltGenericSend                  
20008f05  xQueueAltGenericReceive               
20009003  xQueueGenericSendFromISR              
2000909f  xQueueGenericReceive                  
200091e1  xQueueReceiveFromISR                  
20009259  xQueuePeekFromISR                     
2000929d  uxQueueMessagesWaiting                
200092b3  uxQueueSpacesAvailable                
200092d3  uxQueueMessagesWaitingFromISR         
200092e5  vQueueDelete                          
20009309  uxQueueGetQueueNumber                 
20009317  vQueueSetQueueNumber                  
20009329  ucQueueGetQueueType                   
200094df  xQueueIsQueueEmptyFromISR             
20009521  xQueueIsQueueFullFromISR              
20009543  vQueueAddToRegistry                   
20009585  vQueueUnregisterQueue                 
200095bf  xQueueCreateSet                       
200095d3  xQueueAddToSet                        
20009607  xQueueRemoveFromSet                   
20009649  xQueueSelectFromSet                   
20009663  xQueueSelectFromSetFromISR            
200096cd  _SlDrvMsgRead                         
20009cb9  pow                                   
2000a179  TMP006DrvOpen                         
2000a411  TMP006DrvGetTemp                      
2000a4f9  CollectTmp                            
2000a599  osi_InterruptRegister                 
2000a5bf  osi_InterruptDeRegister               
2000a5d1  osi_SyncObjCreate                     
2000a601  osi_SyncObjDelete                     
2000a61b  osi_SyncObjSignal                     
2000a643  osi_SyncObjSignalFromISR              
2000a67b  osi_SyncObjWait                       
2000a6a7  osi_SyncObjClear                      
2000a6c9  osi_LockObjCreate                     
2000a6ef  osi_TaskCreate                        
2000a72f  osi_TaskDelete                        
2000a73d  osi_LockObjDelete                     
2000a74d  osi_LockObjLock                       
2000a779  osi_LockObjUnlock                     
2000a7a3  osi_Spawn                             
2000a811  VStartSimpleLinkSpawnTask             
2000a861  VDeleteSimpleLinkSpawnTask            
2000a88d  osi_MsgQCreate                        
2000a8d1  osi_MsgQDelete                        
2000a8eb  osi_MsgQWrite                         
2000a91d  osi_MsgQRead                          
2000a959  mem_Malloc                            
2000a965  mem_Free                              
2000a971  mem_set                               
2000a985  mem_copy                              
2000a999  osi_EnterCritical                     
2000a9a3  osi_ExitCritical                      
2000a9ad  osi_start                             
2000a9b5  osi_Sleep                             
2000a9c5  osi_TaskDisable                       
2000a9cf  osi_TaskEnable                        
2000a9d9  osi_ContextSave                       
2000a9db  osi_ContextRestore                    
2000a9f5  minit                                 
2000aa83  malloc                                
2000aaeb  free                                  
2000abad  realloc                               
2000acb9  memalign                              
2000ad9d  calloc                                
2000ae0d  GPIO_IF_LedConfigure                  
2000ae4b  GPIO_IF_LedOn                         
2000aeff  GPIO_IF_LedOff                        
2000afb3  GPIO_IF_LedStatus                     
2000b01d  GPIO_IF_LedToggle                     
2000b04b  GPIO_IF_GetPortNPin                   
2000b091  GPIO_IF_ConfigureNIntEnable           
2000b0d3  GPIO_IF_Set                           
2000b10d  GPIO_IF_Get                           
2000b165  _Log                                  
2000b4bd  I2C_IF_Write                          
2000b573  I2C_IF_Read                           
2000b62f  I2C_IF_ReadFrom                       
2000b679  I2C_IF_Open                           
2000b6c1  I2C_IF_Close                          
2000b6d9  InitTerm                              
2000b6f7  Message                               
2000b719  ClearTerm                             
2000b723  Error                                 
2000b75b  GetCmd                                
2000b811  TrimSpace                             
2000b8a9  Report                                
2000b969  _SlDrvRxHdrRead                       
2000bbb1  sl_WlanConnect                        
2000bdf5  _Exp                                  
2000bff1  I2C_writedata                         
2000c027  I2C_writecom                          
2000c03f  I2C_writeword                         
2000c06f  I2C_readdata                          
2000c095  I2C_readword                          
2000c0cd  apds_init                             
2000c18f  apds_readProximity                    
2000c19d  apds_readALS                          
2000c1b7  CollectLight                          
2000c1e9  __aeabi_uldivmod                      
2000c3dd  _SlDrvReleasePoolObj                  
2000c5ad  _SlDrvMsgWrite                        
2000c779  __aeabi_dsub                          
2000c783  __aeabi_dadd                          
2000c931  _SlDrvWaitForPoolObj                  
2000cac1  _SlDrvDriverCBInit                    
2000cc35  _SlFindAndSetActiveObj                
2000cda5  PinMuxConfig                          
2000cf01  spi_Open                              
2000d04d  sl_Accept                             
2000d185  __aeabi_ddiv                          
2000d2bd  PRCMCC3200MCUInit                     
2000d3f1  vListInitialise                       
2000d421  vListInitialiseItem                   
2000d431  vListInsertEnd                        
2000d46d  vListInsert                           
2000d4d3  uxListRemove                          
2000d51d  _SlDrvDataReadOp                      
2000d645  strtoul                               
2000d759  pxPortInitialiseStack                 
2000d7a9  xPortStartScheduler                   
2000d7d5  vPortEndScheduler                     
2000d7d7  vPortYield                            
2000d7e9  vPortEnterCritical                    
2000d801  vPortExitCritical                     
2000d819  xPortSysTickHandler                   
2000d835  vPortSetupTimerInterrupt              
2000d869  _Dscale                               
2000d979  sl_Connect                            
2000da81  sl_Send                               
2000db89  _SlDrvDataWriteOp                     
2000dc8d  _SlDrvNetAppEventHandler              
2000dd8b  __aeabi_dmul                          
2000de87  __aeabi_fsub                          
2000de8b  __aeabi_fadd                          
2000df81  _SlDrvDriverCBDeinit                  
2000e075  uDMAChannelTransferSet                
2000e165  Voiceinit                             
2000e185  CollectVoice                          
2000e249  spi_Read                              
2000e325  _SlDrvClassifyRxMsg                   
2000e3fd  sl_Stop                               
2000e4d1  _sl_HandleAsync_DnsGetHostByService   
2000e599  _SlRemoveFromList                     
2000e659  _Dint                                 
2000e719  _Dnorm                                
2000e7d9  _SlDrvMsgReadCmdCtx                   
2000e895  sl_Start                              
2000e955  ulPortSetInterruptMask                
2000e96b  vPortClearInterruptMask               
2000e979  xPortPendSVHandler                    
2000e9c5  vPortSVCHandler                       
2000e9ed  prvPortStartFirstTask                 
2000ea05  portCLZ                               
2000ea0d  _SlAsyncEventGenericHandler           
2000eac5  sl_NetAppMDNSRegisterUnregisterService
2000eb79  IntDisable                            
2000ec21  IntEnable                             
2000ecc9  SPIConfigSetExpClk                    
2000ed69  _SlDrvMsgReadSpawnCtx                 
2000ee05  __aeabi_memcpy                        
2000ee05  __aeabi_memcpy4                       
2000ee05  __aeabi_memcpy8                       
2000ee05  memcpy                                
2000eea1  sl_DevGet                             
2000ef3d  PRCMPeripheralClockGet                
2000efd1  __aeabi_fdiv                          
2000f17d  _sl_HandleAsync_DnsGetHostByName      
2000f209  _sl_HandleAsync_PingResponse          
2000f295  spi_Write                             
2000f321  PinConfigSet                          
2000f3a9  vsnprintf                             
2000f431  sl_Bind                               
2000f4b9  __aeabi_cdcmpeq                       
2000f4b9  __aeabi_cdcmple                       
2000f53f  __aeabi_cdrcmple                      
2000f5c5  I2CMasterInitExpClk                   
2000f649  NwpPowerOnPreamble                    
2000f6cd  GPIOIntTypeSet                        
2000f751  _SlDrvCmdOp                           
2000f8d1  _sl_HandleAsync_InitComplete          
2000f94d  __aeabi_fmul                          
2000f9c7  __aeabi_memclr                        
2000f9c7  __aeabi_memclr4                       
2000f9c7  __aeabi_memclr8                       
2000f9c9  __aeabi_memset                        
2000f9c9  __aeabi_memset4                       
2000f9c9  __aeabi_memset8                       
2000f9cf  memset                                
2000fa41  _sl_HandleAsync_Connect               
2000fab9  spi_Close                             
2000fb31  UARTConfigSetExpClk                   
2000fba9  sl_Recv                               
2000fc1d  _SlDrvCmdSend                         
2000fc89  __TI_auto_init                        
2000fd61  _sl_NetAppSendTokenValue              
2000fdc9  sl_NetCfgSet                          
2000fe31  sl_SetSockOpt                         
2000fe99  sl_WlanSet                            
2000ff01  _Dunscale                             
2000ff69  uDMAChannelAttributeDisable           
2000ffcd  uDMAChannelAttributeEnable            
20010031  __aeabi_cfcmpeq                       
20010031  __aeabi_cfcmple                       
20010091  _sl_HandleAsync_Accept                
200100f1  sprintf                               
20010151  sl_WlanPolicySet                      
200101b1  sl_Socket                             
2001020d  IntPendClear                          
20010265  PRCMPeripheralReset                   
200102bd  ltoa                                  
20010315  IntPrioritySet                        
20010369  _sl_HandleAsync_Select                
200103bd  sl_WlanRxFilterSet                    
20010411  _sl_HandleAsync_Stop                  
20010461  SPIIntEnable                          
200104ad  _SlDrvProtectAsyncRespSetting         
200104f9  _SlDrvRxIrqHandler                    
20010545  _sl_BuildAddress                      
20010591  atoi                                  
200105dd  copy_in                               
20010629  uDMAChannelAssign                     
20010675  __aeabi_d2f                           
200106c1  SPIIntClear                           
20010709  _SlDrvBasicCmd                        
20010751  __aeabi_d2iz                          
20010799  ldexp                                 
20010869  C$$EXIT                               
2001086d  abort                                 
20010875  exit                                  
200108ad  sl_Htonl                              
200108f1  PinModeSet                            
20010931  signal                                
20010971  strtok                                
200109b1  CopyPingResultsToReport               
200109ed  PRCMPeripheralClkEnable               
20010a29  _sl_TruncatePayloadByProtocol         
20010a65  _c_int00                              
20010aa1  sl_Htons                              
20010add  sl_Listen                             
20010b19  uDMAChannelControlSet                 
20010b55  ADCChannelDisable                     
20010b8d  ADCChannelEnable                      
20010bc5  NwpPowerOff                           
20010bfd  pvPortMalloc                          
20010c1d  vPortFree                             
20010c35  __aeabi_f2d                           
20010c6d  __aeabi_f2iz                          
20010ca5  GPIODirModeSet                        
20010cdb  sl_NetAppMDNSUnRegisterService        
20010d11  PRCMPeripheralStatusGet               
20010d45  SPIFIFOLevelSet                       
20010d79  feraiseexcept                         
20010dad  __aeabi_f2uiz                         
20010de1  PinTypeGPIO                           
20010e11  UARTDisable                           
20010e41  _SlDrvDeviceEventHandler              
20010e71  _Feraise                              
20010ea1  sl_Close                              
20010ed1  sl_WlanProfileDel                     
20010f01  sl_WlanSetMode                        
20010f31  __aeabi_i2d                           
20010f5f  raise                                 
20010f8d  DmaSpiSwIntHandler                    
20010fb9  I2CMasterErr                          
20010fe5  NwpPowerOn                            
20011011  PRCMSysResetCauseGet                  
2001103d  strspn                                
20011067  _Dclass                               
20011091  PRCMPeripheralClkDisable              
200110b9  NwpRegisterInterruptHandler           
200110e1  IntUnregister                         
20011105  UARTEnable                            
20011129  _SlDrvProtectionObjLockWaitForever    
2001114d  memmove                               
20011171  strcspn                               
20011195  __aeabi_ui2f                          
200111b9  ADCTimerConfig                        
200111db  I2CMasterSlaveAddrSet                 
200111fd  SPIReset                              
2001121f  SPIWordCountSet                       
20011241  frexp                                 
20011263  GPIOPinWrite                          
20011285  IntRegister                           
200112a5  SPIDataGet                            
200112c5  _SlDrvProtectionObjUnLock             
200112e5  I2CMasterIntStatusEx                  
20011303  SPIDataPut                            
20011321  UARTCharPut                           
2001135d  ADCFIFOLvlGet                         
20011379  PinTypeI2C                            
20011395  UARTCharGetNonBlocking                
200113b1  _SlDrvObjLockWaitForever              
200113cd  _SlDrvSyncObjWaitForever              
200113e9  memccpy                               
20011405  uDMAChannelEnable                     
20011421  GPIOIntEnable                         
2001143b  PinTypeSPI                            
20011455  PinTypeUART                           
2001146f  SPIDmaDisable                         
20011489  SPIDmaEnable                          
200114a3  SPIFIFODisable                        
200114bd  SPIFIFOEnable                         
200114d7  ADCFIFORead                           
200114ef  GPIOPinRead                           
20011507  SPICSDisable                          
2001151f  SPICSEnable                           
20011537  SPIDisable                            
2001154f  SPIEnable                             
20011567  UARTCharsAvail                        
2001157f  _SlDrvObjUnLock                       
20011597  _SlDrvSyncObjSignal                   
200115b1  _sl_GetStartResponseConvert           
200115c9  _args_main                            
200115e1  ADCTimerEnable                        
200115f7  I2CMasterDataPut                      
2001160d  I2CMasterEnable                       
20011623  PRCMHIBRegRead                        
20011639  PRCMHIBRegWrite                       
2001164f  _SlDrvMemZero                         
20011665  strchr                                
2001167b  ADCEnable                             
2001168f  CPUcpsie                              
200116a3  GPIOIntClear                          
200116b9  IntVTableBaseSet                      
200116cd  PinTypeADC                            
200116e1  _register_unlock                      
200116e7  _register_lock                        
200116ef  _nop                                  
200116f5  strlen                                
20011709  I2CMasterControl                      
2001171b  I2CMasterIntClearEx                   
2001172d  I2CMasterTimeoutSet                   
2001173f  I2CMasterDataGet                      
2001174d  _SlDrvResetCmdExt                     
2001175b  __TI_decompress_none                  
20011769  ResetISR                              
20011779  NwpMaskInterrupt                      
20011785  NwpUnMaskInterrupt                    
20011791  __TI_zero_init                        
2001179d  sl_WlanDisconnect                     
200117a9  IntMasterEnable                       
200117b3  UtilsDelay                            
200117b9  __TI_decompress_rle24                 
200117bf  log                                   
200117c5  _system_pre_init                      
200117c8  simpleFont                            
20011bf4  _ctypes_                              
200120f0  OpcodeTranslateTable                  
2001212c  _SlPolicySetCmdCtrl                   
20012130  _SlPolicyGetCmdCtrl                   
20012134  _SlProfileGetCmdCtrl                  
20012138  _SlProfileDelCmdCtrl                  
2001213c  _SlWlanGetNetworkListCtrl             
20012140  _SlRxFilterAddtCmdCtrl                
20012144  _SlRxFilterSetCmdCtrl                 
20012148  _SlRxFilterGetCmdCtrl                 
2001214c  _SlSmartConfigStartCmdCtrl            
20012150  _SlWlanSetModeCmdCtrl                 
20012154  _SlWlanCfgSetCmdCtrl                  
20012158  _SlWlanCfgGetCmdCtrl                  
20012168  _SlActionLookupTable                  
200121d8  g_H2NSyncPattern                      
200121e0  g_H2NCnysPattern                      
200121e8  RxMsgClassLUT                         
2001220c  _SlSockSocketCmdCtrl                  
20012210  _SlSockCloseCmdCtrl                   
20012214  _SlRecvfomCmdCtrl                     
20012218  _SlSendCmdCtrl                        
2001221c  _SlListenCmdCtrl                      
20012220  _SlAcceptCmdCtrl                      
20012224  _SlRecvCmdCtrl                        
20012228  _SlSetSockOptCmdCtrl                  
2001222c  _SlGetSockOptCmdCtrl                  
20012230  _SlSelectCmdCtrl                      
200122c8  _SlNetAppStartCtrl                    
200122cc  _SlNetAppStopCtrl                     
200122d0  _SlGetServiceListeCtrl                
200122d4  _SlRegisterServiceCtrl                
200122d8  _SlGetHostByServiceCtrl               
200122dc  _SlGetHostByNameCtrl                  
200122e0  _SlNetAppSetCmdCtrl                   
200122e4  _SlNetAppSendTokenValueCmdCtrl        
200122e8  _SlNetAppGetCmdCtrl                   
2001234c  _SlStopCmdCtrl                        
20012350  _SlEventMaskSetCmdCtrl                
20012354  _SlEventMaskGetCmdCtrl                
20012358  _SlDeviceGetCmdCtrl                   
2001235c  _SlDeviceSetCmdCtrl                   
20012360  _SlPayloadByProtocolLUT               
2001237c  StartResponseLUT                      
20012384  _SlNetCfgSetCmdCtrl                   
20012388  _SlNetCfgGetCmdCtrl                   
20012390  __TI_static_base__                    
2001243c  __TI_Handler_Table_Base               
20012448  __TI_Handler_Table_Limit              
20012450  __TI_CINIT_Base                       
20012460  __TI_CINIT_Limit                      
20017000  pulAdcSamples                         
2001b000  g_StatMem                             
2001b240  g_cBsdBuf                             
2001b2a4  g_ucDinDout                           
2001b2f4  xQueueRegistry                        
2001b344  g_cLight                              
2001b368  g_cTemp                               
2001b38c  g_cVoice                              
2001b3b0  g_ucConnectionSSID                    
2001b438  g_ucConnectionBSSID                   
2001b440  DMAMsgQ                               
2001b448  g_cDummy                              
2001b44c  g_cRev                                
2001b450  g_light                               
2001b454  g_sockID                              
2001b458  g_temp                                
2001b45c  g_voice                               
2001b468  RxIrqCnt                              
2001b469  g_ucLED1Pin                           
2001b46a  g_ucLED2Pin                           
2001b46b  g_ucLED3Pin                           
2001b470  _sys_memory                           
2001d520  _Denorm                               
2001d530  _Eps                                  
2001d540  _Hugeval                              
2001d550  _Inf                                  
2001d560  _Nan                                  
2001d570  _Snan                                 
2001d580  _Rteps                                
2001d590  _Xbig                                 
2001d598  _Zero                                 
2001d5a0  _FDenorm                              
2001d5b0  _FEps                                 
2001d5c0  _FInf                                 
2001d5d0  _FNan                                 
2001d5e0  _FSnan                                
2001d5f0  _FRteps                               
2001d600  _FXbig                                
2001d604  _FZero                                
2001d608  pxCurrentTCB                          
2001d63c  g_ulStatus                            
2001d640  g_ulPingPacketsRecv                   
2001d644  g_ulGatewayIP                         
2001d648  g_ulDestinationIp                     
2001d64c  g_uiPortNum                           
2001d650  g_ulPacketCount                       
2001d654  g_ucConnectionStatus                  
2001d655  g_ucSimplelinkstarted                 
2001d658  g_ulIpAddr                            
2001d65c  g_sensor_flag                         
2001d660  connect_flag                          
2001d678  g_uiLED1Port                          
2001d67c  g_uiLED2Port                          
2001d680  g_uiLED3Port                          
2001d684  xHigherPriorityTaskWoken              
2001d688  xSimpleLinkSpawnQueue                 
2001d68c  xSimpleLinkSpawnTaskHndl              
2001d69c  g_SpiFd                               
2001d6a0  g_pHostIntHdl                         
2001d6a4  g_ucDMAEnabled                        
2001d6a8  g_pCB                                 
2001d6ac  pPingCallBackFunc                     
2001d6b0  gFirstCmdMode                         
2001d6b4  _lock                                 
2001d6b8  _unlock                               
2001d6bc  __TI_cleanup_ptr                      
2001d6c0  __TI_dtors_ptr                        
2001d6c4  _Fenv                                 
2001d6c8  _Tls_setup__Fenv                      
2001d6d0  _Errno                                
2001d6d4  main_func_sp                          
2001d6dc  uiIndex                               
2002f000  __stack                               
20030000  __STACK_END                           
ffffffff  __binit__                             
ffffffff  __c_args__                            
ffffffff  binit                                 
UNDEFED   SHT$$INIT_ARRAY$$Base                 
UNDEFED   SHT$$INIT_ARRAY$$Limit                

[575 symbols]
