******************************************************************************
                  TI ARM Linker PC v5.2.2                      
******************************************************************************
>> Linked Wed Nov 30 18:55:36 2016

OUTPUT FILE NAME:   <SensingEarth.out>
ENTRY POINT SYMBOL: "_c_int00"  address: 20010a61


MEMORY CONFIGURATION

         name            origin    length      used     unused   attr    fill
----------------------  --------  ---------  --------  --------  ----  --------
  SRAM_CODE             20004000   00013000  0000e458  00004ba8  RW X
  SRAM_DATA             20017000   00019000  000076dc  00011924  RW X


SEGMENT ALLOCATION MAP

run origin  load origin   length   init length attrs members
----------  ----------- ---------- ----------- ----- -------
20004000    20004000    0000e460   0000e460    r-x
  20004000    20004000    00000400   00000400    r-- .intvecs
  20004400    20004400    0000d3c4   0000d3c4    r-x .text
  200117c8    200117c8    00000bc4   00000bc4    r-- .const
  20012390    20012390    000000d0   000000d0    r-- .cinit
20017000    20017000    000066e0   00000000    rw-
  20017000    20017000    0000446c   00000000    rw- .bss
  2001b470    2001b470    00002000   00000000    rw- .sysmem
  2001d470    2001d470    00000270   00000000    rw- .data
2002f000    2002f000    00001000   00000000    rw-
  2002f000    2002f000    00001000   00000000    rw- .stack


SECTION ALLOCATION MAP

 output                                  attributes/
section   page    origin      length       input sections
--------  ----  ----------  ----------   ----------------
.intvecs   0    20004000    00000400     
                  20004000    00000400     startup_ccs.obj (.intvecs)

.init_array 
*          0    20004000    00000000     UNINITIALIZED

.text      0    20004400    0000d3c4     
                  20004400    00001444     main.obj (.text)
                  20005844    00001258     free_rtos.a : tasks.obj (.text)
                  20006a9c    000010a6     rtsv7M4_T_le_eabi.lib : _printfi.obj (.text)
                  20007b42    00000002     driverlib.a : interrupt.obj (.text:IntDefaultHandler)
                  20007b44    00001060     TFT.obj (.text)
                  20008ba4    00000b24     free_rtos.a : queue.obj (.text)
                  200096c8    000005ec     simplelink.a : driver.obj (.text:_SlDrvMsgRead)
                  20009cb4    00000480     rtsv7M4_T_le_eabi.lib : pow.obj (.text)
                  2000a134    00000460     tmp006drv.obj (.text)
                  2000a594    0000045c     free_rtos.a : osi_freertos.obj (.text)
                  2000a9f0    000003dc     rtsv7M4_T_le_eabi.lib : memory.obj (.text)
                  2000adcc    00000394     gpio_if.obj (.text)
                  2000b160    000002e4     rtsv7M4_T_le_eabi.lib : xlog.obj (.text)
                  2000b444    00000290     i2c_if.obj (.text)
                  2000b6d4    00000290     uart_if.obj (.text)
                  2000b964    00000248     simplelink.a : driver.obj (.text:_SlDrvRxHdrRead)
                  2000bbac    00000244                  : wlan.obj (.text:sl_WlanConnect)
                  2000bdf0    000001fc     rtsv7M4_T_le_eabi.lib : xexp.obj (.text)
                  2000bfec    000001f8     light.obj (.text)
                  2000c1e4    000001f4     rtsv7M4_T_le_eabi.lib : ull_div_t2.obj (.text)
                  2000c3d8    000001d0     simplelink.a : driver.obj (.text:_SlDrvReleasePoolObj)
                  2000c5a8    000001cc                  : driver.obj (.text:_SlDrvMsgWrite)
                  2000c774    000001b6     rtsv7M4_T_le_eabi.lib : fd_add_t2.obj (.text)
                  2000c92a    00000002     --HOLE-- [fill = 0]
                  2000c92c    00000190     simplelink.a : driver.obj (.text:_SlDrvWaitForPoolObj)
                  2000cabc    00000174                  : driver.obj (.text:_SlDrvDriverCBInit)
                  2000cc30    00000170                  : driver.obj (.text:_SlFindAndSetActiveObj)
                  2000cda0    0000015c     pinmux.obj (.text)
                  2000cefc    0000014c     simplelink.a : cc_pal.obj (.text:spi_Open)
                  2000d048    00000138                  : socket.obj (.text:sl_Accept)
                  2000d180    00000136     rtsv7M4_T_le_eabi.lib : fd_div_t2.obj (.text)
                  2000d2b6    00000002     --HOLE-- [fill = 0]
                  2000d2b8    00000134     driverlib.a : prcm.obj (.text:PRCMCC3200MCUInit)
                  2000d3ec    0000012a     free_rtos.a : list.obj (.text)
                  2000d516    00000002     --HOLE-- [fill = 0]
                  2000d518    00000128     simplelink.a : driver.obj (.text:_SlDrvDataReadOp)
                  2000d640    00000114     rtsv7M4_T_le_eabi.lib : strtoul.obj (.text)
                  2000d754    00000110     free_rtos.a : port.obj (.text)
                  2000d864    00000110     rtsv7M4_T_le_eabi.lib : xdscale.obj (.text)
                  2000d974    00000108     simplelink.a : socket.obj (.text:sl_Connect)
                  2000da7c    00000108                  : socket.obj (.text:sl_Send)
                  2000db84    00000104                  : driver.obj (.text:_SlDrvDataWriteOp)
                  2000dc88    000000fe                  : netapp.obj (.text:_SlDrvNetAppEventHandler)
                  2000dd86    000000fc     rtsv7M4_T_le_eabi.lib : fd_mul_t2.obj (.text)
                  2000de82    000000fa                           : fs_add_t2.obj (.text)
                  2000df7c    000000f4     simplelink.a : driver.obj (.text:_SlDrvDriverCBDeinit)
                  2000e070    000000f0     driverlib.a : udma.obj (.text:uDMAChannelTransferSet)
                  2000e160    000000e4     voice.obj (.text)
                  2000e244    000000dc     simplelink.a : cc_pal.obj (.text:spi_Read)
                  2000e320    000000d8                  : driver.obj (.text:_SlDrvClassifyRxMsg)
                  2000e3f8    000000d4                  : device.obj (.text:sl_Stop)
                  2000e4cc    000000c8                  : netapp.obj (.text:_sl_HandleAsync_DnsGetHostByService)
                  2000e594    000000c0                  : driver.obj (.text:_SlRemoveFromList)
                  2000e654    000000c0     rtsv7M4_T_le_eabi.lib : xdint.obj (.text)
                  2000e714    000000be                           : xdnorm.obj (.text)
                  2000e7d2    00000002     --HOLE-- [fill = 0]
                  2000e7d4    000000bc     simplelink.a : driver.obj (.text:_SlDrvMsgReadCmdCtx)
                  2000e890    000000bc                  : device.obj (.text:sl_Start)
                  2000e94c    000000ba     free_rtos.a : portasm.obj (.text)
                  2000ea06    00000002     --HOLE-- [fill = 0]
                  2000ea08    000000b8     simplelink.a : driver.obj (.text:_SlAsyncEventGenericHandler)
                  2000eac0    000000b4                  : netapp.obj (.text:sl_NetAppMDNSRegisterUnregisterService)
                  2000eb74    000000a8     driverlib.a : interrupt.obj (.text:IntDisable)
                  2000ec1c    000000a8                 : interrupt.obj (.text:IntEnable)
                  2000ecc4    000000a0                 : spi.obj (.text:SPIConfigSetExpClk)
                  2000ed64    0000009c     simplelink.a : driver.obj (.text:_SlDrvMsgReadSpawnCtx)
                  2000ee00    0000009c     rtsv7M4_T_le_eabi.lib : memcpy_t2.obj (.text)
                  2000ee9c    0000009c     simplelink.a : device.obj (.text:sl_DevGet)
                  2000ef38    00000094     driverlib.a : prcm.obj (.text:PRCMPeripheralClockGet)
                  2000efcc    00000092     rtsv7M4_T_le_eabi.lib : fs_div_t2.obj (.text)
                  2000f05e    00000002     --HOLE-- [fill = 0]
                  2000f060    0000008c     simplelink.a : cc_pal.obj (.text:SetupDMAReceive)
                  2000f0ec    0000008c                  : cc_pal.obj (.text:SetupDMASend)
                  2000f178    0000008c                  : netapp.obj (.text:_sl_HandleAsync_DnsGetHostByName)
                  2000f204    0000008c                  : netapp.obj (.text:_sl_HandleAsync_PingResponse)
                  2000f290    0000008c                  : cc_pal.obj (.text:spi_Write)
                  2000f31c    00000088     driverlib.a : pin.obj (.text:PinConfigSet)
                  2000f3a4    00000088     rtsv7M4_T_le_eabi.lib : vsnprintf.obj (.text)
                  2000f42c    00000088     simplelink.a : socket.obj (.text:sl_Bind)
                  2000f4b4    00000086     rtsv7M4_T_le_eabi.lib : fd_cmp_t2.obj (.text:__aeabi_cdcmple)
                  2000f53a    00000086                           : fd_cmp_t2.obj (.text:__aeabi_cdrcmple)
                  2000f5c0    00000084     driverlib.a : i2c.obj (.text:I2CMasterInitExpClk)
                  2000f644    00000084     simplelink.a : cc_pal.obj (.text:NwpPowerOnPreamble)
                  2000f6c8    00000082     driverlib.a : gpio.obj (.text:GPIOIntTypeSet)
                  2000f74a    00000002     --HOLE-- [fill = 0]
                  2000f74c    00000080     simplelink.a : driver.obj (.text:_SlDrvCmdOp)
                  2000f7cc    00000080                  : cc_pal.obj (.text:spi_Read_CPU)
                  2000f84c    00000080                  : cc_pal.obj (.text:spi_Write_CPU)
                  2000f8cc    0000007c                  : device.obj (.text:_sl_HandleAsync_InitComplete)
                  2000f948    0000007a     rtsv7M4_T_le_eabi.lib : fs_mul_t2.obj (.text)
                  2000f9c2    0000007a                           : memset_t2.obj (.text)
                  2000fa3c    00000078     simplelink.a : socket.obj (.text:_sl_HandleAsync_Connect)
                  2000fab4    00000078                  : cc_pal.obj (.text:spi_Close)
                  2000fb2c    00000076     driverlib.a : uart.obj (.text:UARTConfigSetExpClk)
                  2000fba2    00000002     --HOLE-- [fill = 0]
                  2000fba4    00000074     simplelink.a : socket.obj (.text:sl_Recv)
                  2000fc18    0000006c                  : driver.obj (.text:_SlDrvCmdSend)
                  2000fc84    0000006c     rtsv7M4_T_le_eabi.lib : autoinit.obj (.text)
                  2000fcf0    0000006a                           : copy_decompress_rle.obj (.text)
                  2000fd5a    00000002     --HOLE-- [fill = 0]
                  2000fd5c    00000068     simplelink.a : netapp.obj (.text:_sl_NetAppSendTokenValue)
                  2000fdc4    00000068                  : netcfg.obj (.text:sl_NetCfgSet)
                  2000fe2c    00000068                  : socket.obj (.text:sl_SetSockOpt)
                  2000fe94    00000068                  : wlan.obj (.text:sl_WlanSet)
                  2000fefc    00000066     rtsv7M4_T_le_eabi.lib : xdunscal.obj (.text)
                  2000ff62    00000002     --HOLE-- [fill = 0]
                  2000ff64    00000064     driverlib.a : udma.obj (.text:uDMAChannelAttributeDisable)
                  2000ffc8    00000064                 : udma.obj (.text:uDMAChannelAttributeEnable)
                  2001002c    00000060     rtsv7M4_T_le_eabi.lib : fs_cmp_t2.obj (.text:__aeabi_cfcmple)
                  2001008c    00000060     simplelink.a : socket.obj (.text:_sl_HandleAsync_Accept)
                  200100ec    00000060     rtsv7M4_T_le_eabi.lib : sprintf.obj (.text)
                  2001014c    00000060     simplelink.a : wlan.obj (.text:sl_WlanPolicySet)
                  200101ac    0000005c                  : socket.obj (.text:sl_Socket)
                  20010208    00000058     driverlib.a : interrupt.obj (.text:IntPendClear)
                  20010260    00000058                 : prcm.obj (.text:PRCMPeripheralReset)
                  200102b8    00000056     rtsv7M4_T_le_eabi.lib : ltoa.obj (.text)
                  2001030e    00000002     --HOLE-- [fill = 0]
                  20010310    00000054     driverlib.a : interrupt.obj (.text:IntPrioritySet)
                  20010364    00000054     simplelink.a : socket.obj (.text:_sl_HandleAsync_Select)
                  200103b8    00000054                  : wlan.obj (.text:sl_WlanRxFilterSet)
                  2001040c    00000050                  : device.obj (.text:_sl_HandleAsync_Stop)
                  2001045c    0000004c     driverlib.a : spi.obj (.text:SPIIntEnable)
                  200104a8    0000004c     simplelink.a : driver.obj (.text:_SlDrvProtectAsyncRespSetting)
                  200104f4    0000004c                  : driver.obj (.text:_SlDrvRxIrqHandler)
                  20010540    0000004c                  : socket.obj (.text:_sl_BuildAddress)
                  2001058c    0000004c     rtsv7M4_T_le_eabi.lib : atoi.obj (.text)
                  200105d8    0000004c                           : cpy_tbl.obj (.text)
                  20010624    0000004c     driverlib.a : udma.obj (.text:uDMAChannelAssign)
                  20010670    0000004a     rtsv7M4_T_le_eabi.lib : fd_tos_t2.obj (.text)
                  200106ba    00000002     --HOLE-- [fill = 0]
                  200106bc    00000048     driverlib.a : spi.obj (.text:SPIIntClear)
                  20010704    00000048     simplelink.a : driver.obj (.text:_SlDrvBasicCmd)
                  2001074c    00000048     rtsv7M4_T_le_eabi.lib : fd_toi_t2.obj (.text)
                  20010794    00000046                           : ldexp.obj (.text)
                  200107da    00000002     --HOLE-- [fill = 0]
                  200107dc    00000044     driverlib.a : spi.obj (.text:SPIDmaMaskGet)
                  20010820    00000044     simplelink.a : cc_pal.obj (.text:cc_SetupTransfer)
                  20010864    00000044     rtsv7M4_T_le_eabi.lib : exit.obj (.text)
                  200108a8    00000042     simplelink.a : socket.obj (.text:sl_Htonl)
                  200108ea    00000002     --HOLE-- [fill = 0]
                  200108ec    00000040     driverlib.a : pin.obj (.text:PinModeSet)
                  2001092c    00000040     rtsv7M4_T_le_eabi.lib : signal.obj (.text)
                  2001096c    00000040                           : strtok.obj (.text)
                  200109ac    0000003c     simplelink.a : netapp.obj (.text:CopyPingResultsToReport)
                  200109e8    0000003c     driverlib.a : prcm.obj (.text:PRCMPeripheralClkEnable)
                  20010a24    0000003c     simplelink.a : socket.obj (.text:_sl_TruncatePayloadByProtocol)
                  20010a60    0000003c     rtsv7M4_T_le_eabi.lib : boot.obj (.text)
                  20010a9c    0000003c     simplelink.a : socket.obj (.text:sl_Htons)
                  20010ad8    0000003c                  : socket.obj (.text:sl_Listen)
                  20010b14    0000003c     driverlib.a : udma.obj (.text:uDMAChannelControlSet)
                  20010b50    00000038                 : adc.obj (.text:ADCChannelDisable)
                  20010b88    00000038                 : adc.obj (.text:ADCChannelEnable)
                  20010bc0    00000038     simplelink.a : cc_pal.obj (.text:NwpPowerOff)
                  20010bf8    00000038     free_rtos.a : heap_3.obj (.text)
                  20010c30    00000038     rtsv7M4_T_le_eabi.lib : fs_tod_t2.obj (.text)
                  20010c68    00000038                           : fs_toi_t2.obj (.text)
                  20010ca0    00000036     driverlib.a : gpio.obj (.text:GPIODirModeSet)
                  20010cd6    00000036     simplelink.a : netapp.obj (.text:sl_NetAppMDNSUnRegisterService)
                  20010d0c    00000034     driverlib.a : prcm.obj (.text:PRCMPeripheralStatusGet)
                  20010d40    00000034                 : spi.obj (.text:SPIFIFOLevelSet)
                  20010d74    00000034     rtsv7M4_T_le_eabi.lib : feraiseexcept.obj (.text)
                  20010da8    00000034                           : fs_tou_t2.obj (.text)
                  20010ddc    00000030     driverlib.a : pin.obj (.text:PinTypeGPIO)
                  20010e0c    00000030                 : uart.obj (.text:UARTDisable)
                  20010e3c    00000030     simplelink.a : device.obj (.text:_SlDrvDeviceEventHandler)
                  20010e6c    00000030     rtsv7M4_T_le_eabi.lib : xferaise.obj (.text)
                  20010e9c    00000030     simplelink.a : socket.obj (.text:sl_Close)
                  20010ecc    00000030                  : wlan.obj (.text:sl_WlanProfileDel)
                  20010efc    00000030                  : wlan.obj (.text:sl_WlanSetMode)
                  20010f2c    0000002e     rtsv7M4_T_le_eabi.lib : i_tofd_t2.obj (.text)
                  20010f5a    0000002e                           : raise.obj (.text)
                  20010f88    0000002c     simplelink.a : cc_pal.obj (.text:DmaSpiSwIntHandler)
                  20010fb4    0000002c     driverlib.a : i2c.obj (.text:I2CMasterErr)
                  20010fe0    0000002c     simplelink.a : cc_pal.obj (.text:NwpPowerOn)
                  2001100c    0000002c     driverlib.a : prcm.obj (.text:PRCMSysResetCauseGet)
                  20011038    0000002a     rtsv7M4_T_le_eabi.lib : strspn.obj (.text)
                  20011062    0000002a                           : xdclass.obj (.text)
                  2001108c    00000028     driverlib.a : prcm.obj (.text:PRCMPeripheralClkDisable)
                  200110b4    00000026     simplelink.a : cc_pal.obj (.text:NwpRegisterInterruptHandler)
                  200110da    00000002     --HOLE-- [fill = 0]
                  200110dc    00000024     driverlib.a : interrupt.obj (.text:IntUnregister)
                  20011100    00000024                 : uart.obj (.text:UARTEnable)
                  20011124    00000024     simplelink.a : driver.obj (.text:_SlDrvProtectionObjLockWaitForever)
                  20011148    00000024     rtsv7M4_T_le_eabi.lib : memmov.obj (.text)
                  2001116c    00000024                           : strcspn.obj (.text)
                  20011190    00000024                           : u_tofs_t2.obj (.text)
                  200111b4    00000022     driverlib.a : adc.obj (.text:ADCTimerConfig)
                  200111d6    00000022                 : i2c.obj (.text:I2CMasterSlaveAddrSet)
                  200111f8    00000022                 : spi.obj (.text:SPIReset)
                  2001121a    00000022                 : spi.obj (.text:SPIWordCountSet)
                  2001123c    00000022     rtsv7M4_T_le_eabi.lib : frexp.obj (.text)
                  2001125e    00000020     driverlib.a : gpio.obj (.text:GPIOPinWrite)
                  2001127e    00000002     --HOLE-- [fill = 0]
                  20011280    00000020                 : interrupt.obj (.text:IntRegister)
                  200112a0    00000020                 : spi.obj (.text:SPIDataGet)
                  200112c0    00000020     simplelink.a : driver.obj (.text:_SlDrvProtectionObjUnLock)
                  200112e0    0000001e     driverlib.a : i2c.obj (.text:I2CMasterIntStatusEx)
                  200112fe    0000001e                 : spi.obj (.text:SPIDataPut)
                  2001131c    0000001e                 : uart.obj (.text:UARTCharPut)
                  2001133a    0000001e     simplelink.a : cc_pal.obj (.text:cc_UDMAChannelSelect)
                  20011358    0000001c     driverlib.a : adc.obj (.text:ADCFIFOLvlGet)
                  20011374    0000001c                 : pin.obj (.text:PinTypeI2C)
                  20011390    0000001c                 : uart.obj (.text:UARTCharGetNonBlocking)
                  200113ac    0000001c     simplelink.a : driver.obj (.text:_SlDrvObjLockWaitForever)
                  200113c8    0000001c                  : driver.obj (.text:_SlDrvSyncObjWaitForever)
                  200113e4    0000001c     rtsv7M4_T_le_eabi.lib : memccpy.obj (.text)
                  20011400    0000001c     driverlib.a : udma.obj (.text:uDMAChannelEnable)
                  2001141c    0000001a                 : gpio.obj (.text:GPIOIntEnable)
                  20011436    0000001a                 : pin.obj (.text:PinTypeSPI)
                  20011450    0000001a                 : pin.obj (.text:PinTypeUART)
                  2001146a    0000001a                 : spi.obj (.text:SPIDmaDisable)
                  20011484    0000001a                 : spi.obj (.text:SPIDmaEnable)
                  2001149e    0000001a                 : spi.obj (.text:SPIFIFODisable)
                  200114b8    0000001a                 : spi.obj (.text:SPIFIFOEnable)
                  200114d2    00000018                 : adc.obj (.text:ADCFIFORead)
                  200114ea    00000018                 : gpio.obj (.text:GPIOPinRead)
                  20011502    00000018                 : spi.obj (.text:SPICSDisable)
                  2001151a    00000018                 : spi.obj (.text:SPICSEnable)
                  20011532    00000018                 : spi.obj (.text:SPIDisable)
                  2001154a    00000018                 : spi.obj (.text:SPIEnable)
                  20011562    00000018                 : uart.obj (.text:UARTCharsAvail)
                  2001157a    00000018     simplelink.a : driver.obj (.text:_SlDrvObjUnLock)
                  20011592    00000018                  : driver.obj (.text:_SlDrvSyncObjSignal)
                  200115aa    00000002     --HOLE-- [fill = 0]
                  200115ac    00000018                  : device.obj (.text:_sl_GetStartResponseConvert)
                  200115c4    00000018     rtsv7M4_T_le_eabi.lib : args_main.obj (.text)
                  200115dc    00000016     driverlib.a : adc.obj (.text:ADCTimerEnable)
                  200115f2    00000016                 : i2c.obj (.text:I2CMasterDataPut)
                  20011608    00000016                 : i2c.obj (.text:I2CMasterEnable)
                  2001161e    00000016                 : prcm.obj (.text:PRCMHIBRegRead)
                  20011634    00000016                 : prcm.obj (.text:PRCMHIBRegWrite)
                  2001164a    00000016     simplelink.a : driver.obj (.text:_SlDrvMemZero)
                  20011660    00000016     rtsv7M4_T_le_eabi.lib : strchr.obj (.text)
                  20011676    00000014     driverlib.a : adc.obj (.text:ADCEnable)
                  2001168a    00000014                 : cpu.obj (.text:CPUcpsie)
                  2001169e    00000014                 : gpio.obj (.text:GPIOIntClear)
                  200116b2    00000002     --HOLE-- [fill = 0]
                  200116b4    00000014                 : interrupt.obj (.text:IntVTableBaseSet)
                  200116c8    00000014                 : pin.obj (.text:PinTypeADC)
                  200116dc    00000014     rtsv7M4_T_le_eabi.lib : _lock.obj (.text)
                  200116f0    00000014                           : strlen.obj (.text)
                  20011704    00000012     driverlib.a : i2c.obj (.text:I2CMasterControl)
                  20011716    00000012                 : i2c.obj (.text:I2CMasterIntClearEx)
                  20011728    00000012                 : i2c.obj (.text:I2CMasterTimeoutSet)
                  2001173a    0000000e                 : i2c.obj (.text:I2CMasterDataGet)
                  20011748    0000000e     simplelink.a : driver.obj (.text:_SlDrvResetCmdExt)
                  20011756    0000000e     rtsv7M4_T_le_eabi.lib : copy_decompress_none.obj (.text:decompress:none)
                  20011764    0000000e     startup_ccs.obj (.text)
                  20011772    00000002     --HOLE-- [fill = 0]
                  20011774    0000000c     simplelink.a : cc_pal.obj (.text:NwpMaskInterrupt)
                  20011780    0000000c                  : cc_pal.obj (.text:NwpUnMaskInterrupt)
                  2001178c    0000000c     rtsv7M4_T_le_eabi.lib : copy_zero_init.obj (.text:decompress:ZI)
                  20011798    0000000c     simplelink.a : wlan.obj (.text:sl_WlanDisconnect)
                  200117a4    0000000a     driverlib.a : interrupt.obj (.text:IntMasterEnable)
                  200117ae    00000006                 : utils.obj (.text:UtilsDelay)
                  200117b4    00000006     rtsv7M4_T_le_eabi.lib : copy_decompress_rle.obj (.text:decompress:rle24)
                  200117ba    00000006                           : log.obj (.text)
                  200117c0    00000004                           : pre_init.obj (.text)

.const     0    200117c8    00000bc4     
                  200117c8    00000300     TFT.obj (.const:simpleFont)
                  20011ac8    0000012c     TFT.obj (.const:$P$T2$3)
                  20011bf4    00000101     rtsv7M4_T_le_eabi.lib : ctype.obj (.const:.string:_ctypes_)
                  20011cf5    00000003     TFT.obj (.const:.string)
                  20011cf8    00000100     driverlib.a : pin.obj (.const:g_ulPinToPadMap)
                  20011df8    000000d4                 : interrupt.obj (.const:g_pulRegs)
                  20011ecc    000000b0     simplelink.a : wlan.obj (.const:$P$T0$1)
                  20011f7c    000000a8     driverlib.a : prcm.obj (.const:PRCM_PeriphRegsList)
                  20012024    00000080                 : interrupt.obj (.const)
                  200120a4    00000004     --HOLE-- [fill = 0]
                  200120a8    00000048     rtsv7M4_T_le_eabi.lib : xexp.obj (.const)
                  200120f0    0000003c     simplelink.a : driver.obj (.const:OpcodeTranslateTable)
                  2001212c    0000003c                  : wlan.obj (.const)
                  20012168    00000038                  : driver.obj (.const:_SlActionLookupTable)
                  200121a0    00000038     rtsv7M4_T_le_eabi.lib : xlog.obj (.const:p)
                  200121d8    00000034     simplelink.a : driver.obj (.const)
                  2001220c    00000034                  : socket.obj (.const)
                  20012240    00000030     rtsv7M4_T_le_eabi.lib : xdint.obj (.const)
                  20012270    0000002c     main.obj (.const:$P$T3$4)
                  2001229c    0000002b     main.obj (.const:.string)
                  200122c7    00000001     --HOLE-- [fill = 0]
                  200122c8    00000028     simplelink.a : netapp.obj (.const)
                  200122f0    00000022     main.obj (.const:.string:$P$T2$3)
                  20012312    00000002     --HOLE-- [fill = 0]
                  20012314    00000020     main.obj (.const)
                  20012334    00000018     driverlib.a : spi.obj (.const)
                  2001234c    00000014     simplelink.a : device.obj (.const)
                  20012360    00000010                  : socket.obj (.const:.string)
                  20012370    0000000c     TFT.obj (.const)
                  2001237c    00000008     simplelink.a : device.obj (.const:.string)
                  20012384    00000008                  : netcfg.obj (.const)

.cinit     0    20012390    000000d0     
                  20012390    000000aa     (.cinit..data.load) [load image, compression = rle]
                  2001243a    00000002     --HOLE-- [fill = 0]
                  2001243c    0000000c     (__TI_handler_table)
                  20012448    00000008     (.cinit..bss.load) [load image, compression = zero_init]
                  20012450    00000010     (__TI_cinit_table)

.bss       0    20017000    0000446c     UNINITIALIZED
                  20017000    00004000     voice.obj (.bss:pulAdcSamples)
                  2001b000    00000178     simplelink.a : driver.obj (.bss:g_StatMem)
                  2001b178    000000c8     free_rtos.a : tasks.obj (.bss:pxReadyTasksLists)
                  2001b240    00000064     main.obj (.bss:g_cBsdBuf)
                  2001b2a4    00000050     simplelink.a : cc_pal.obj (.bss:g_ucDinDout)
                  2001b2f4    00000050     free_rtos.a : queue.obj (.bss:xQueueRegistry)
                  2001b344    00000024     main.obj (.bss:g_cLight)
                  2001b368    00000024     main.obj (.bss:g_cTemp)
                  2001b38c    00000024     main.obj (.bss:g_cVoice)
                  2001b3b0    00000024     main.obj (.bss:g_ucConnectionSSID)
                  2001b3d4    00000014     (.common:xDelayedTaskList1)
                  2001b3e8    00000014     (.common:xDelayedTaskList2)
                  2001b3fc    00000014     (.common:xPendingReadyList)
                  2001b410    00000014     (.common:xSuspendedTaskList)
                  2001b424    00000014     (.common:xTasksWaitingTermination)
                  2001b438    00000008     (.common:g_ucConnectionBSSID)
                  2001b440    00000004     (.common:DMAMsgQ)
                  2001b444    00000004     (.common:__Errorlog)
                  2001b448    00000004     (.common:g_cDummy)
                  2001b44c    00000004     (.common:g_cRev)
                  2001b450    00000004     (.common:g_light)
                  2001b454    00000004     (.common:g_sockID)
                  2001b458    00000004     (.common:g_temp)
                  2001b45c    00000004     (.common:g_voice)
                  2001b460    00000004     (.common:pxDelayedTaskList)
                  2001b464    00000004     (.common:pxOverflowDelayedTaskList)
                  2001b468    00000001     (.common:RxIrqCnt)
                  2001b469    00000001     (.common:g_ucLED1Pin)
                  2001b46a    00000001     (.common:g_ucLED2Pin)
                  2001b46b    00000001     (.common:g_ucLED3Pin)

.TI.noinit 
*          0    20017000    00000000     UNINITIALIZED

.sysmem    0    2001b470    00002000     UNINITIALIZED
                  2001b470    00000008     rtsv7M4_T_le_eabi.lib : memory.obj (.sysmem)
                  2001b478    00001ff8     --HOLE--

.data      0    2001d470    00000270     UNINITIALIZED
                  2001d470    000000b0     rtsv7M4_T_le_eabi.lib : signal.obj (.data:sigtable)
                  2001d520    00000080                           : xvalues.obj (.data)
                  2001d5a0    00000068                           : xfvalues.obj (.data)
                  2001d608    00000034     free_rtos.a : tasks.obj (.data)
                  2001d63c    00000028     main.obj (.data)
                  2001d664    00000020     gpio_if.obj (.data)
                  2001d684    0000000c     free_rtos.a : osi_freertos.obj (.data)
                  2001d690    0000000c     rtsv7M4_T_le_eabi.lib : memory.obj (.data)
                  2001d69c    00000009     simplelink.a : cc_pal.obj (.data)
                  2001d6a5    00000003     --HOLE--
                  2001d6a8    00000009                  : driver.obj (.data)
                  2001d6b1    00000003     --HOLE--
                  2001d6b4    00000008     rtsv7M4_T_le_eabi.lib : _lock.obj (.data)
                  2001d6bc    00000008                           : exit.obj (.data)
                  2001d6c4    00000008                           : feraiseexcept.obj (.data)
                  2001d6cc    00000004     free_rtos.a : port.obj (.data)
                  2001d6d0    00000004     rtsv7M4_T_le_eabi.lib : errno.obj (.data)
                  2001d6d4    00000004                           : stkdepth_vars.obj (.data)
                  2001d6d8    00000004                           : strtok.obj (.data)
                  2001d6dc    00000004     voice.obj (.data)

.TI.persistent 
*          0    2001d470    00000000     UNINITIALIZED

.stack     0    2002f000    00001000     UNINITIALIZED
                  2002f000    00001000     --HOLE--


LINKER GENERATED COPY TABLES

__TI_cinit_table @ 20012450 records: 2, size/record: 8, table size: 16
	.data: load addr=20012390, load size=000000aa bytes, run addr=2001d470, run size=00000270 bytes, compression=rle
	.bss: load addr=20012448, load size=00000008 bytes, run addr=20017000, run size=0000446c bytes, compression=zero_init


LINKER GENERATED HANDLER TABLE

__TI_handler_table @ 2001243c records: 3, size/record: 4, table size: 12
	index: 0, handler: __TI_decompress_rle24
	index: 1, handler: __TI_decompress_none
	index: 2, handler: __TI_zero_init


GLOBAL SYMBOLS: SORTED ALPHABETICALLY BY Name 

address   name                                  
-------   ----                                  
20010b51  ADCChannelDisable                     
20010b89  ADCChannelEnable                      
20011677  ADCEnable                             
20011359  ADCFIFOLvlGet                         
200114d3  ADCFIFORead                           
200111b5  ADCTimerConfig                        
200115dd  ADCTimerEnable                        
20004995  BsdTcpClient                          
20004d85  BsdTcpServer                          
20010865  C$$EXIT                               
2001168b  CPUcpsie                              
2000b715  ClearTerm                             
2000c1b3  CollectLight                          
2000a4f5  CollectTmp                            
2000e181  CollectVoice                          
200109ad  CopyPingResultsToReport               
2001b440  DMAMsgQ                               
20010f89  DmaSpiSwIntHandler                    
2000b71f  Error                                 
20010ca1  GPIODirModeSet                        
2001169f  GPIOIntClear                          
2001141d  GPIOIntEnable                         
2000f6c9  GPIOIntTypeSet                        
200114eb  GPIOPinRead                           
2001125f  GPIOPinWrite                          
2000b08d  GPIO_IF_ConfigureNIntEnable           
2000b109  GPIO_IF_Get                           
2000b047  GPIO_IF_GetPortNPin                   
2000ae09  GPIO_IF_LedConfigure                  
2000aefb  GPIO_IF_LedOff                        
2000ae47  GPIO_IF_LedOn                         
2000afaf  GPIO_IF_LedStatus                     
2000b019  GPIO_IF_LedToggle                     
2000b0cf  GPIO_IF_Set                           
2000b757  GetCmd                                
20011705  I2CMasterControl                      
2001173b  I2CMasterDataGet                      
200115f3  I2CMasterDataPut                      
20011609  I2CMasterEnable                       
20010fb5  I2CMasterErr                          
2000f5c1  I2CMasterInitExpClk                   
20011717  I2CMasterIntClearEx                   
200112e1  I2CMasterIntStatusEx                  
200111d7  I2CMasterSlaveAddrSet                 
20011729  I2CMasterTimeoutSet                   
2000b6bd  I2C_IF_Close                          
2000b675  I2C_IF_Open                           
2000b56f  I2C_IF_Read                           
2000b62b  I2C_IF_ReadFrom                       
2000b4b9  I2C_IF_Write                          
2000c06b  I2C_readdata                          
2000c091  I2C_readword                          
2000c023  I2C_writecom                          
2000bfed  I2C_writedata                         
2000c03b  I2C_writeword                         
2000b6d5  InitTerm                              
2000eb75  IntDisable                            
2000ec1d  IntEnable                             
200117a5  IntMasterEnable                       
20010209  IntPendClear                          
20010311  IntPrioritySet                        
20011281  IntRegister                           
200110dd  IntUnregister                         
200116b5  IntVTableBaseSet                      
20005335  IpAddressParser                       
2000b6f3  Message                               
20011775  NwpMaskInterrupt                      
20010bc1  NwpPowerOff                           
20010fe1  NwpPowerOn                            
2000f645  NwpPowerOnPreamble                    
200110b5  NwpRegisterInterruptHandler           
20011781  NwpUnMaskInterrupt                    
200120f0  OpcodeTranslateTable                  
2000d2b9  PRCMCC3200MCUInit                     
2001161f  PRCMHIBRegRead                        
20011635  PRCMHIBRegWrite                       
2001108d  PRCMPeripheralClkDisable              
200109e9  PRCMPeripheralClkEnable               
2000ef39  PRCMPeripheralClockGet                
20010261  PRCMPeripheralReset                   
20010d0d  PRCMPeripheralStatusGet               
2001100d  PRCMSysResetCauseGet                  
2000f31d  PinConfigSet                          
200108ed  PinModeSet                            
2000cda1  PinMuxConfig                          
200116c9  PinTypeADC                            
20010ddd  PinTypeGPIO                           
20011375  PinTypeI2C                            
20011437  PinTypeSPI                            
20011451  PinTypeUART                           
20007ce1  Read_Register                         
2000b8a5  Report                                
20011765  ResetISR                              
2001b468  RxIrqCnt                              
200121e8  RxMsgClassLUT                         
UNDEFED   SHT$$INIT_ARRAY$$Base                 
UNDEFED   SHT$$INIT_ARRAY$$Limit                
20011503  SPICSDisable                          
2001151b  SPICSEnable                           
2000ecc5  SPIConfigSetExpClk                    
200112a1  SPIDataGet                            
200112ff  SPIDataPut                            
20011533  SPIDisable                            
2001146b  SPIDmaDisable                         
20011485  SPIDmaEnable                          
2001154b  SPIEnable                             
2001149f  SPIFIFODisable                        
200114b9  SPIFIFOEnable                         
20010d41  SPIFIFOLevelSet                       
200106bd  SPIIntClear                           
2001045d  SPIIntEnable                          
200111f9  SPIReset                              
2001121b  SPIWordCountSet                       
20007bad  SPI_begin                             
20007bdd  SPI_transfer                          
2000463f  SendThread                            
200045e1  SimpleLinkGeneralEventHandler         
200045b9  SimpleLinkHttpServerCallback          
20004521  SimpleLinkNetAppEventHandler          
200045f7  SimpleLinkSockEventHandler            
20004419  SimpleLinkWlanEventHandler            
2001237c  StartResponseLUT                      
20007de5  TFTinit                               
2000a40d  TMP006DrvGetTemp                      
2000a175  TMP006DrvOpen                         
2000b80d  TrimSpace                             
20011391  UARTCharGetNonBlocking                
2001131d  UARTCharPut                           
20011563  UARTCharsAvail                        
2000fb2d  UARTConfigSetExpClk                   
20010e0d  UARTDisable                           
20011101  UARTEnable                            
200117af  UtilsDelay                            
2000a85d  VDeleteSimpleLinkSpawnTask            
2000a80d  VStartSimpleLinkSpawnTask             
2000e161  Voiceinit                             
20007c17  WRITE_DATA                            
20007c67  WRITE_Package                         
2000549f  WlanStationMode                       
20011063  _Dclass                               
2001d520  _Denorm                               
2000e655  _Dint                                 
2000e715  _Dnorm                                
2000d865  _Dscale                               
2000fefd  _Dunscale                             
2001d530  _Eps                                  
2001d6d0  _Errno                                
2000bdf1  _Exp                                  
2001d5a0  _FDenorm                              
2001d5b0  _FEps                                 
2001d5c0  _FInf                                 
2001d5d0  _FNan                                 
2001d5f0  _FRteps                               
2001d5e0  _FSnan                                
2001d600  _FXbig                                
2001d604  _FZero                                
2001d6c4  _Fenv                                 
20010e6d  _Feraise                              
2001d540  _Hugeval                              
2001d550  _Inf                                  
2000b161  _Log                                  
2001d560  _Nan                                  
2001d580  _Rteps                                
20012220  _SlAcceptCmdCtrl                      
20012168  _SlActionLookupTable                  
2000ea09  _SlAsyncEventGenericHandler           
20012358  _SlDeviceGetCmdCtrl                   
2001235c  _SlDeviceSetCmdCtrl                   
20010705  _SlDrvBasicCmd                        
2000e321  _SlDrvClassifyRxMsg                   
2000f74d  _SlDrvCmdOp                           
2000fc19  _SlDrvCmdSend                         
2000d519  _SlDrvDataReadOp                      
2000db85  _SlDrvDataWriteOp                     
20010e3d  _SlDrvDeviceEventHandler              
2000df7d  _SlDrvDriverCBDeinit                  
2000cabd  _SlDrvDriverCBInit                    
2001164b  _SlDrvMemZero                         
200096c9  _SlDrvMsgRead                         
2000e7d5  _SlDrvMsgReadCmdCtx                   
2000ed65  _SlDrvMsgReadSpawnCtx                 
2000c5a9  _SlDrvMsgWrite                        
2000dc89  _SlDrvNetAppEventHandler              
200113ad  _SlDrvObjLockWaitForever              
2001157b  _SlDrvObjUnLock                       
200104a9  _SlDrvProtectAsyncRespSetting         
20011125  _SlDrvProtectionObjLockWaitForever    
200112c1  _SlDrvProtectionObjUnLock             
2000c3d9  _SlDrvReleasePoolObj                  
20011749  _SlDrvResetCmdExt                     
2000b965  _SlDrvRxHdrRead                       
200104f5  _SlDrvRxIrqHandler                    
20011593  _SlDrvSyncObjSignal                   
200113c9  _SlDrvSyncObjWaitForever              
2000c92d  _SlDrvWaitForPoolObj                  
20012354  _SlEventMaskGetCmdCtrl                
20012350  _SlEventMaskSetCmdCtrl                
2000cc31  _SlFindAndSetActiveObj                
200122dc  _SlGetHostByNameCtrl                  
200122d8  _SlGetHostByServiceCtrl               
200122d0  _SlGetServiceListeCtrl                
2001222c  _SlGetSockOptCmdCtrl                  
2001221c  _SlListenCmdCtrl                      
200122e8  _SlNetAppGetCmdCtrl                   
200122e4  _SlNetAppSendTokenValueCmdCtrl        
200122e0  _SlNetAppSetCmdCtrl                   
200122c8  _SlNetAppStartCtrl                    
200122cc  _SlNetAppStopCtrl                     
20012388  _SlNetCfgGetCmdCtrl                   
20012384  _SlNetCfgSetCmdCtrl                   
20012360  _SlPayloadByProtocolLUT               
20012130  _SlPolicyGetCmdCtrl                   
2001212c  _SlPolicySetCmdCtrl                   
20012138  _SlProfileDelCmdCtrl                  
20012134  _SlProfileGetCmdCtrl                  
20012224  _SlRecvCmdCtrl                        
20012214  _SlRecvfomCmdCtrl                     
200122d4  _SlRegisterServiceCtrl                
2000e595  _SlRemoveFromList                     
20012140  _SlRxFilterAddtCmdCtrl                
20012148  _SlRxFilterGetCmdCtrl                 
20012144  _SlRxFilterSetCmdCtrl                 
20012230  _SlSelectCmdCtrl                      
20012218  _SlSendCmdCtrl                        
20012228  _SlSetSockOptCmdCtrl                  
2001214c  _SlSmartConfigStartCmdCtrl            
20012210  _SlSockCloseCmdCtrl                   
2001220c  _SlSockSocketCmdCtrl                  
2001234c  _SlStopCmdCtrl                        
20012158  _SlWlanCfgGetCmdCtrl                  
20012154  _SlWlanCfgSetCmdCtrl                  
2001213c  _SlWlanGetNetworkListCtrl             
20012150  _SlWlanSetModeCmdCtrl                 
2001d570  _Snan                                 
2001d6c8  _Tls_setup__Fenv                      
2001d590  _Xbig                                 
2001d598  _Zero                                 
20030000  __STACK_END                           
00001000  __STACK_SIZE                          
00002000  __SYSMEM_SIZE                         
20012450  __TI_CINIT_Base                       
20012460  __TI_CINIT_Limit                      
2001243c  __TI_Handler_Table_Base               
20012448  __TI_Handler_Table_Limit              
2000fc85  __TI_auto_init                        
2001d6bc  __TI_cleanup_ptr                      
20011757  __TI_decompress_none                  
200117b5  __TI_decompress_rle24                 
2001d6c0  __TI_dtors_ptr                        
2000783d  __TI_printfi                          
20012390  __TI_static_base__                    
2001178d  __TI_zero_init                        
2000f4b5  __aeabi_cdcmpeq                       
2000f4b5  __aeabi_cdcmple                       
2000f53b  __aeabi_cdrcmple                      
2001002d  __aeabi_cfcmpeq                       
2001002d  __aeabi_cfcmple                       
20010671  __aeabi_d2f                           
2001074d  __aeabi_d2iz                          
2000c77f  __aeabi_dadd                          
2000d181  __aeabi_ddiv                          
2000dd87  __aeabi_dmul                          
2000c775  __aeabi_dsub                          
20010c31  __aeabi_f2d                           
20010c69  __aeabi_f2iz                          
20010da9  __aeabi_f2uiz                         
2000de87  __aeabi_fadd                          
2000efcd  __aeabi_fdiv                          
2000f949  __aeabi_fmul                          
2000de83  __aeabi_fsub                          
20010f2d  __aeabi_i2d                           
2000f9c3  __aeabi_memclr                        
2000f9c3  __aeabi_memclr4                       
2000f9c3  __aeabi_memclr8                       
2000ee01  __aeabi_memcpy                        
2000ee01  __aeabi_memcpy4                       
2000ee01  __aeabi_memcpy8                       
2000f9c5  __aeabi_memset                        
2000f9c5  __aeabi_memset4                       
2000f9c5  __aeabi_memset8                       
20011191  __aeabi_ui2f                          
2000c1e5  __aeabi_uldivmod                      
ffffffff  __binit__                             
ffffffff  __c_args__                            
2002f000  __stack                               
200115c5  _args_main                            
20010a61  _c_int00                              
20011bf4  _ctypes_                              
2001d6b4  _lock                                 
200116eb  _nop                                  
200116e3  _register_lock                        
200116dd  _register_unlock                      
20010541  _sl_BuildAddress                      
200115ad  _sl_GetStartResponseConvert           
2001008d  _sl_HandleAsync_Accept                
2000fa3d  _sl_HandleAsync_Connect               
2000f179  _sl_HandleAsync_DnsGetHostByName      
2000e4cd  _sl_HandleAsync_DnsGetHostByService   
2000f8cd  _sl_HandleAsync_InitComplete          
2000f205  _sl_HandleAsync_PingResponse          
20010365  _sl_HandleAsync_Select                
2001040d  _sl_HandleAsync_Stop                  
2000fd5d  _sl_NetAppSendTokenValue              
20010a25  _sl_TruncatePayloadByProtocol         
2001b470  _sys_memory                           
200117c1  _system_pre_init                      
2001d6b8  _unlock                               
20010869  abort                                 
2000c0c9  apds_init                             
2000c199  apds_readALS                          
2000c18b  apds_readProximity                    
2001058d  atoi                                  
ffffffff  binit                                 
2000ad99  calloc                                
2001d660  connect_flag                          
20007b45  constrain                             
200105d9  copy_in                               
200081f5  drawChar                              
200084a1  drawCircle                            
200088f3  drawFloat_a                           
2000874b  drawFloat_b                           
20008303  drawHorizontalLine                    
2000834f  drawLine                              
2000863f  drawNumber                            
20008451  drawRectangle                         
20008ab1  drawSlogan                            
20008291  drawString                            
200085fd  drawTraingle                          
20008405  drawVerticalLine                      
20005ad5  eTaskGetState                         
20010871  exit                                  
20010d75  feraiseexcept                         
2000855d  fillCircle                            
200082d9  fillRectangle                         
20008165  fillScreen_a                          
20008061  fillScreen_b                          
2000aae7  free                                  
2001123d  frexp                                 
2001d6b0  gFirstCmdMode                         
200121e0  g_H2NCnysPattern                      
200121d8  g_H2NSyncPattern                      
2001d69c  g_SpiFd                               
2001b000  g_StatMem                             
2001b240  g_cBsdBuf                             
2001b448  g_cDummy                              
2001b344  g_cLight                              
2001b44c  g_cRev                                
2001b368  g_cTemp                               
2001b38c  g_cVoice                              
2001b450  g_light                               
2001d6a8  g_pCB                                 
2001d6a0  g_pHostIntHdl                         
20004000  g_pfnVectors                          
2001d65c  g_sensor_flag                         
2001b454  g_sockID                              
2001b458  g_temp                                
2001b438  g_ucConnectionBSSID                   
2001b3b0  g_ucConnectionSSID                    
2001d654  g_ucConnectionStatus                  
2001d6a4  g_ucDMAEnabled                        
2001b2a4  g_ucDinDout                           
2001b469  g_ucLED1Pin                           
2001b46a  g_ucLED2Pin                           
2001b46b  g_ucLED3Pin                           
2001d655  g_ucSimplelinkstarted                 
2001d678  g_uiLED1Port                          
2001d67c  g_uiLED2Port                          
2001d680  g_uiLED3Port                          
2001d64c  g_uiPortNum                           
2001d648  g_ulDestinationIp                     
2001d644  g_ulGatewayIP                         
2001d658  g_ulIpAddr                            
2001d650  g_ulPacketCount                       
2001d640  g_ulPingPacketsRecv                   
2001d63c  g_ulStatus                            
2001b45c  g_voice                               
20010795  ldexp                                 
200117bb  log                                   
200102b9  ltoa                                  
200055ad  main                                  
2001d6d4  main_func_sp                          
2000aa7f  malloc                                
2000a961  mem_Free                              
2000a955  mem_Malloc                            
2000a981  mem_copy                              
2000a96d  mem_set                               
2000acb5  memalign                              
200113e5  memccpy                               
2000ee01  memcpy                                
20011149  memmove                               
2000f9cb  memset                                
2000a9f1  minit                                 
2000a9d7  osi_ContextRestore                    
2000a9d5  osi_ContextSave                       
2000a995  osi_EnterCritical                     
2000a99f  osi_ExitCritical                      
2000a5bb  osi_InterruptDeRegister               
2000a595  osi_InterruptRegister                 
2000a6c5  osi_LockObjCreate                     
2000a739  osi_LockObjDelete                     
2000a749  osi_LockObjLock                       
2000a775  osi_LockObjUnlock                     
2000a889  osi_MsgQCreate                        
2000a8cd  osi_MsgQDelete                        
2000a919  osi_MsgQRead                          
2000a8e7  osi_MsgQWrite                         
2000a9b1  osi_Sleep                             
2000a79f  osi_Spawn                             
2000a6a3  osi_SyncObjClear                      
2000a5cd  osi_SyncObjCreate                     
2000a5fd  osi_SyncObjDelete                     
2000a617  osi_SyncObjSignal                     
2000a63f  osi_SyncObjSignalFromISR              
2000a677  osi_SyncObjWait                       
2000a6eb  osi_TaskCreate                        
2000a72b  osi_TaskDelete                        
2000a9c1  osi_TaskDisable                       
2000a9cb  osi_TaskEnable                        
2000a9a9  osi_start                             
2001d6ac  pPingCallBackFunc                     
20005ff9  pcTaskGetTaskName                     
2000ea01  portCLZ                               
20009cb5  pow                                   
2000e9e9  prvPortStartFirstTask                 
20017000  pulAdcSamples                         
20010bf9  pvPortMalloc                          
2001d608  pxCurrentTCB                          
2000d755  pxPortInitialiseStack                 
20010f5b  raise                                 
20007d2b  readID                                
2000aba9  realloc                               
20007bfb  sendCMD                               
20007c33  sendData                              
20004c45  sendPacket                            
20007fe5  setCol                                
20007fff  setPage                               
200081dd  setPixel                              
200081bf  setXY                                 
20004a7f  show_LCD                              
20004b8b  show_LED                              
2001092d  signal                                
200117c8  simpleFont                            
2000d049  sl_Accept                             
2000f42d  sl_Bind                               
20010e9d  sl_Close                              
2000d975  sl_Connect                            
2000ee9d  sl_DevGet                             
200108a9  sl_Htonl                              
20010a9d  sl_Htons                              
20010ad9  sl_Listen                             
2000eac1  sl_NetAppMDNSRegisterUnregisterService
20010cd7  sl_NetAppMDNSUnRegisterService        
2000fdc5  sl_NetCfgSet                          
2000fba5  sl_Recv                               
2000da7d  sl_Send                               
2000fe2d  sl_SetSockOpt                         
200101ad  sl_Socket                             
2000e891  sl_Start                              
2000e3f9  sl_Stop                               
2000bbad  sl_WlanConnect                        
20011799  sl_WlanDisconnect                     
2001014d  sl_WlanPolicySet                      
20010ecd  sl_WlanProfileDel                     
200103b9  sl_WlanRxFilterSet                    
2000fe95  sl_WlanSet                            
20010efd  sl_WlanSetMode                        
2000fab5  spi_Close                             
2000cefd  spi_Open                              
2000e245  spi_Read                              
2000f291  spi_Write                             
200100ed  sprintf                               
20011661  strchr                                
2001116d  strcspn                               
200116f1  strlen                                
20011039  strspn                                
2001096d  strtok                                
2000d641  strtoul                               
20007b9d  tft_cs_high                           
20007b8d  tft_cs_low                            
20007b7d  tft_dc_high                           
20007b6d  tft_dc_low                            
20010625  uDMAChannelAssign                     
2000ff65  uDMAChannelAttributeDisable           
2000ffc9  uDMAChannelAttributeEnable            
20010b15  uDMAChannelControlSet                 
20011401  uDMAChannelEnable                     
2000e071  uDMAChannelTransferSet                
20009325  ucQueueGetQueueType                   
2001d6dc  uiIndex                               
2000e951  ulPortSetInterruptMask                
2000d4cf  uxListRemove                          
20009305  uxQueueGetQueueNumber                 
20009299  uxQueueMessagesWaiting                
200092cf  uxQueueMessagesWaitingFromISR         
200092af  uxQueueSpacesAvailable                
20005fed  uxTaskGetNumberOfTasks                
2000601d  uxTaskGetSystemState                  
2000650d  uxTaskGetTaskNumber                   
20005b69  uxTaskPriorityGet                     
20006a65  uxTaskResetEventItemValue             
2000440b  vApplicationIdleHook                  
2000440d  vApplicationMallocFailedHook          
2000440f  vApplicationStackOverflowHook         
20004401  vAssertCalled                         
2000d3ed  vListInitialise                       
2000d41d  vListInitialiseItem                   
2000d469  vListInsert                           
2000d42d  vListInsertEnd                        
2000e967  vPortClearInterruptMask               
2000d7d1  vPortEndScheduler                     
2000d7e5  vPortEnterCritical                    
2000d7fd  vPortExitCritical                     
20010c19  vPortFree                             
2000e9c1  vPortSVCHandler                       
2000d831  vPortSetupTimerInterrupt              
2000d7d3  vPortYield                            
2000953f  vQueueAddToRegistry                   
200092e1  vQueueDelete                          
20009313  vQueueSetQueueNumber                  
20009581  vQueueUnregisterQueue                 
20005a7f  vTaskDelay                            
200059e3  vTaskDelayUntil                       
20005953  vTaskDelete                           
20005ed1  vTaskEndScheduler                     
200064ff  vTaskMissedYield                      
20006295  vTaskPlaceOnEventList                 
200062f9  vTaskPlaceOnUnorderedEventList        
200069db  vTaskPriorityDisinherit               
20006921  vTaskPriorityInherit                  
20005ba1  vTaskPrioritySet                      
20005d99  vTaskResume                           
2000652d  vTaskSetTaskNumber                    
2000645f  vTaskSetTimeOutState                  
20005e87  vTaskStartScheduler                   
20005ca5  vTaskSuspend                          
20005ee3  vTaskSuspendAll                       
20006215  vTaskSwitchContext                    
2000f3a5  vsnprintf                             
2001d684  xHigherPriorityTaskWoken              
2000e975  xPortPendSVHandler                    
2000d7a5  xPortStartScheduler                   
2000d815  xPortSysTickHandler                   
200095cf  xQueueAddToSet                        
20008f01  xQueueAltGenericReceive               
20008e55  xQueueAltGenericSend                  
20008d29  xQueueCreateCountingSemaphore         
20008cab  xQueueCreateMutex                     
200095bb  xQueueCreateSet                       
20008c35  xQueueGenericCreate                   
2000909b  xQueueGenericReceive                  
20008ba5  xQueueGenericReset                    
20008d49  xQueueGenericSend                     
20008fff  xQueueGenericSendFromISR              
200094db  xQueueIsQueueEmptyFromISR             
2000951d  xQueueIsQueueFullFromISR              
20009255  xQueuePeekFromISR                     
200091dd  xQueueReceiveFromISR                  
2001b2f4  xQueueRegistry                        
20009603  xQueueRemoveFromSet                   
20009645  xQueueSelectFromSet                   
2000965f  xQueueSelectFromSetFromISR            
2001d688  xSimpleLinkSpawnQueue                 
2001d68c  xSimpleLinkSpawnTaskHndl              
20006485  xTaskCheckForTimeOut                  
20005845  xTaskGenericCreate                    
200068d5  xTaskGetCurrentTaskHandle             
200060db  xTaskGetIdleTaskHandle                
200068e9  xTaskGetSchedulerState                
20005fc1  xTaskGetTickCount                     
20005fd5  xTaskGetTickCountFromISR              
200060f9  xTaskIncrementTick                    
20006369  xTaskRemoveFromEventList              
200063f1  xTaskRemoveFromUnorderedEventList     
20005ef5  xTaskResumeAll                        
20005e0d  xTaskResumeFromISR                    


GLOBAL SYMBOLS: SORTED BY Symbol Address 

address   name                                  
-------   ----                                  
00001000  __STACK_SIZE                          
00002000  __SYSMEM_SIZE                         
20004000  g_pfnVectors                          
20004401  vAssertCalled                         
2000440b  vApplicationIdleHook                  
2000440d  vApplicationMallocFailedHook          
2000440f  vApplicationStackOverflowHook         
20004419  SimpleLinkWlanEventHandler            
20004521  SimpleLinkNetAppEventHandler          
200045b9  SimpleLinkHttpServerCallback          
200045e1  SimpleLinkGeneralEventHandler         
200045f7  SimpleLinkSockEventHandler            
2000463f  SendThread                            
20004995  BsdTcpClient                          
20004a7f  show_LCD                              
20004b8b  show_LED                              
20004c45  sendPacket                            
20004d85  BsdTcpServer                          
20005335  IpAddressParser                       
2000549f  WlanStationMode                       
200055ad  main                                  
20005845  xTaskGenericCreate                    
20005953  vTaskDelete                           
200059e3  vTaskDelayUntil                       
20005a7f  vTaskDelay                            
20005ad5  eTaskGetState                         
20005b69  uxTaskPriorityGet                     
20005ba1  vTaskPrioritySet                      
20005ca5  vTaskSuspend                          
20005d99  vTaskResume                           
20005e0d  xTaskResumeFromISR                    
20005e87  vTaskStartScheduler                   
20005ed1  vTaskEndScheduler                     
20005ee3  vTaskSuspendAll                       
20005ef5  xTaskResumeAll                        
20005fc1  xTaskGetTickCount                     
20005fd5  xTaskGetTickCountFromISR              
20005fed  uxTaskGetNumberOfTasks                
20005ff9  pcTaskGetTaskName                     
2000601d  uxTaskGetSystemState                  
200060db  xTaskGetIdleTaskHandle                
200060f9  xTaskIncrementTick                    
20006215  vTaskSwitchContext                    
20006295  vTaskPlaceOnEventList                 
200062f9  vTaskPlaceOnUnorderedEventList        
20006369  xTaskRemoveFromEventList              
200063f1  xTaskRemoveFromUnorderedEventList     
2000645f  vTaskSetTimeOutState                  
20006485  xTaskCheckForTimeOut                  
200064ff  vTaskMissedYield                      
2000650d  uxTaskGetTaskNumber                   
2000652d  vTaskSetTaskNumber                    
200068d5  xTaskGetCurrentTaskHandle             
200068e9  xTaskGetSchedulerState                
20006921  vTaskPriorityInherit                  
200069db  vTaskPriorityDisinherit               
20006a65  uxTaskResetEventItemValue             
2000783d  __TI_printfi                          
20007b45  constrain                             
20007b6d  tft_dc_low                            
20007b7d  tft_dc_high                           
20007b8d  tft_cs_low                            
20007b9d  tft_cs_high                           
20007bad  SPI_begin                             
20007bdd  SPI_transfer                          
20007bfb  sendCMD                               
20007c17  WRITE_DATA                            
20007c33  sendData                              
20007c67  WRITE_Package                         
20007ce1  Read_Register                         
20007d2b  readID                                
20007de5  TFTinit                               
20007fe5  setCol                                
20007fff  setPage                               
20008061  fillScreen_b                          
20008165  fillScreen_a                          
200081bf  setXY                                 
200081dd  setPixel                              
200081f5  drawChar                              
20008291  drawString                            
200082d9  fillRectangle                         
20008303  drawHorizontalLine                    
2000834f  drawLine                              
20008405  drawVerticalLine                      
20008451  drawRectangle                         
200084a1  drawCircle                            
2000855d  fillCircle                            
200085fd  drawTraingle                          
2000863f  drawNumber                            
2000874b  drawFloat_b                           
200088f3  drawFloat_a                           
20008ab1  drawSlogan                            
20008ba5  xQueueGenericReset                    
20008c35  xQueueGenericCreate                   
20008cab  xQueueCreateMutex                     
20008d29  xQueueCreateCountingSemaphore         
20008d49  xQueueGenericSend                     
20008e55  xQueueAltGenericSend                  
20008f01  xQueueAltGenericReceive               
20008fff  xQueueGenericSendFromISR              
2000909b  xQueueGenericReceive                  
200091dd  xQueueReceiveFromISR                  
20009255  xQueuePeekFromISR                     
20009299  uxQueueMessagesWaiting                
200092af  uxQueueSpacesAvailable                
200092cf  uxQueueMessagesWaitingFromISR         
200092e1  vQueueDelete                          
20009305  uxQueueGetQueueNumber                 
20009313  vQueueSetQueueNumber                  
20009325  ucQueueGetQueueType                   
200094db  xQueueIsQueueEmptyFromISR             
2000951d  xQueueIsQueueFullFromISR              
2000953f  vQueueAddToRegistry                   
20009581  vQueueUnregisterQueue                 
200095bb  xQueueCreateSet                       
200095cf  xQueueAddToSet                        
20009603  xQueueRemoveFromSet                   
20009645  xQueueSelectFromSet                   
2000965f  xQueueSelectFromSetFromISR            
200096c9  _SlDrvMsgRead                         
20009cb5  pow                                   
2000a175  TMP006DrvOpen                         
2000a40d  TMP006DrvGetTemp                      
2000a4f5  CollectTmp                            
2000a595  osi_InterruptRegister                 
2000a5bb  osi_InterruptDeRegister               
2000a5cd  osi_SyncObjCreate                     
2000a5fd  osi_SyncObjDelete                     
2000a617  osi_SyncObjSignal                     
2000a63f  osi_SyncObjSignalFromISR              
2000a677  osi_SyncObjWait                       
2000a6a3  osi_SyncObjClear                      
2000a6c5  osi_LockObjCreate                     
2000a6eb  osi_TaskCreate                        
2000a72b  osi_TaskDelete                        
2000a739  osi_LockObjDelete                     
2000a749  osi_LockObjLock                       
2000a775  osi_LockObjUnlock                     
2000a79f  osi_Spawn                             
2000a80d  VStartSimpleLinkSpawnTask             
2000a85d  VDeleteSimpleLinkSpawnTask            
2000a889  osi_MsgQCreate                        
2000a8cd  osi_MsgQDelete                        
2000a8e7  osi_MsgQWrite                         
2000a919  osi_MsgQRead                          
2000a955  mem_Malloc                            
2000a961  mem_Free                              
2000a96d  mem_set                               
2000a981  mem_copy                              
2000a995  osi_EnterCritical                     
2000a99f  osi_ExitCritical                      
2000a9a9  osi_start                             
2000a9b1  osi_Sleep                             
2000a9c1  osi_TaskDisable                       
2000a9cb  osi_TaskEnable                        
2000a9d5  osi_ContextSave                       
2000a9d7  osi_ContextRestore                    
2000a9f1  minit                                 
2000aa7f  malloc                                
2000aae7  free                                  
2000aba9  realloc                               
2000acb5  memalign                              
2000ad99  calloc                                
2000ae09  GPIO_IF_LedConfigure                  
2000ae47  GPIO_IF_LedOn                         
2000aefb  GPIO_IF_LedOff                        
2000afaf  GPIO_IF_LedStatus                     
2000b019  GPIO_IF_LedToggle                     
2000b047  GPIO_IF_GetPortNPin                   
2000b08d  GPIO_IF_ConfigureNIntEnable           
2000b0cf  GPIO_IF_Set                           
2000b109  GPIO_IF_Get                           
2000b161  _Log                                  
2000b4b9  I2C_IF_Write                          
2000b56f  I2C_IF_Read                           
2000b62b  I2C_IF_ReadFrom                       
2000b675  I2C_IF_Open                           
2000b6bd  I2C_IF_Close                          
2000b6d5  InitTerm                              
2000b6f3  Message                               
2000b715  ClearTerm                             
2000b71f  Error                                 
2000b757  GetCmd                                
2000b80d  TrimSpace                             
2000b8a5  Report                                
2000b965  _SlDrvRxHdrRead                       
2000bbad  sl_WlanConnect                        
2000bdf1  _Exp                                  
2000bfed  I2C_writedata                         
2000c023  I2C_writecom                          
2000c03b  I2C_writeword                         
2000c06b  I2C_readdata                          
2000c091  I2C_readword                          
2000c0c9  apds_init                             
2000c18b  apds_readProximity                    
2000c199  apds_readALS                          
2000c1b3  CollectLight                          
2000c1e5  __aeabi_uldivmod                      
2000c3d9  _SlDrvReleasePoolObj                  
2000c5a9  _SlDrvMsgWrite                        
2000c775  __aeabi_dsub                          
2000c77f  __aeabi_dadd                          
2000c92d  _SlDrvWaitForPoolObj                  
2000cabd  _SlDrvDriverCBInit                    
2000cc31  _SlFindAndSetActiveObj                
2000cda1  PinMuxConfig                          
2000cefd  spi_Open                              
2000d049  sl_Accept                             
2000d181  __aeabi_ddiv                          
2000d2b9  PRCMCC3200MCUInit                     
2000d3ed  vListInitialise                       
2000d41d  vListInitialiseItem                   
2000d42d  vListInsertEnd                        
2000d469  vListInsert                           
2000d4cf  uxListRemove                          
2000d519  _SlDrvDataReadOp                      
2000d641  strtoul                               
2000d755  pxPortInitialiseStack                 
2000d7a5  xPortStartScheduler                   
2000d7d1  vPortEndScheduler                     
2000d7d3  vPortYield                            
2000d7e5  vPortEnterCritical                    
2000d7fd  vPortExitCritical                     
2000d815  xPortSysTickHandler                   
2000d831  vPortSetupTimerInterrupt              
2000d865  _Dscale                               
2000d975  sl_Connect                            
2000da7d  sl_Send                               
2000db85  _SlDrvDataWriteOp                     
2000dc89  _SlDrvNetAppEventHandler              
2000dd87  __aeabi_dmul                          
2000de83  __aeabi_fsub                          
2000de87  __aeabi_fadd                          
2000df7d  _SlDrvDriverCBDeinit                  
2000e071  uDMAChannelTransferSet                
2000e161  Voiceinit                             
2000e181  CollectVoice                          
2000e245  spi_Read                              
2000e321  _SlDrvClassifyRxMsg                   
2000e3f9  sl_Stop                               
2000e4cd  _sl_HandleAsync_DnsGetHostByService   
2000e595  _SlRemoveFromList                     
2000e655  _Dint                                 
2000e715  _Dnorm                                
2000e7d5  _SlDrvMsgReadCmdCtx                   
2000e891  sl_Start                              
2000e951  ulPortSetInterruptMask                
2000e967  vPortClearInterruptMask               
2000e975  xPortPendSVHandler                    
2000e9c1  vPortSVCHandler                       
2000e9e9  prvPortStartFirstTask                 
2000ea01  portCLZ                               
2000ea09  _SlAsyncEventGenericHandler           
2000eac1  sl_NetAppMDNSRegisterUnregisterService
2000eb75  IntDisable                            
2000ec1d  IntEnable                             
2000ecc5  SPIConfigSetExpClk                    
2000ed65  _SlDrvMsgReadSpawnCtx                 
2000ee01  __aeabi_memcpy                        
2000ee01  __aeabi_memcpy4                       
2000ee01  __aeabi_memcpy8                       
2000ee01  memcpy                                
2000ee9d  sl_DevGet                             
2000ef39  PRCMPeripheralClockGet                
2000efcd  __aeabi_fdiv                          
2000f179  _sl_HandleAsync_DnsGetHostByName      
2000f205  _sl_HandleAsync_PingResponse          
2000f291  spi_Write                             
2000f31d  PinConfigSet                          
2000f3a5  vsnprintf                             
2000f42d  sl_Bind                               
2000f4b5  __aeabi_cdcmpeq                       
2000f4b5  __aeabi_cdcmple                       
2000f53b  __aeabi_cdrcmple                      
2000f5c1  I2CMasterInitExpClk                   
2000f645  NwpPowerOnPreamble                    
2000f6c9  GPIOIntTypeSet                        
2000f74d  _SlDrvCmdOp                           
2000f8cd  _sl_HandleAsync_InitComplete          
2000f949  __aeabi_fmul                          
2000f9c3  __aeabi_memclr                        
2000f9c3  __aeabi_memclr4                       
2000f9c3  __aeabi_memclr8                       
2000f9c5  __aeabi_memset                        
2000f9c5  __aeabi_memset4                       
2000f9c5  __aeabi_memset8                       
2000f9cb  memset                                
2000fa3d  _sl_HandleAsync_Connect               
2000fab5  spi_Close                             
2000fb2d  UARTConfigSetExpClk                   
2000fba5  sl_Recv                               
2000fc19  _SlDrvCmdSend                         
2000fc85  __TI_auto_init                        
2000fd5d  _sl_NetAppSendTokenValue              
2000fdc5  sl_NetCfgSet                          
2000fe2d  sl_SetSockOpt                         
2000fe95  sl_WlanSet                            
2000fefd  _Dunscale                             
2000ff65  uDMAChannelAttributeDisable           
2000ffc9  uDMAChannelAttributeEnable            
2001002d  __aeabi_cfcmpeq                       
2001002d  __aeabi_cfcmple                       
2001008d  _sl_HandleAsync_Accept                
200100ed  sprintf                               
2001014d  sl_WlanPolicySet                      
200101ad  sl_Socket                             
20010209  IntPendClear                          
20010261  PRCMPeripheralReset                   
200102b9  ltoa                                  
20010311  IntPrioritySet                        
20010365  _sl_HandleAsync_Select                
200103b9  sl_WlanRxFilterSet                    
2001040d  _sl_HandleAsync_Stop                  
2001045d  SPIIntEnable                          
200104a9  _SlDrvProtectAsyncRespSetting         
200104f5  _SlDrvRxIrqHandler                    
20010541  _sl_BuildAddress                      
2001058d  atoi                                  
200105d9  copy_in                               
20010625  uDMAChannelAssign                     
20010671  __aeabi_d2f                           
200106bd  SPIIntClear                           
20010705  _SlDrvBasicCmd                        
2001074d  __aeabi_d2iz                          
20010795  ldexp                                 
20010865  C$$EXIT                               
20010869  abort                                 
20010871  exit                                  
200108a9  sl_Htonl                              
200108ed  PinModeSet                            
2001092d  signal                                
2001096d  strtok                                
200109ad  CopyPingResultsToReport               
200109e9  PRCMPeripheralClkEnable               
20010a25  _sl_TruncatePayloadByProtocol         
20010a61  _c_int00                              
20010a9d  sl_Htons                              
20010ad9  sl_Listen                             
20010b15  uDMAChannelControlSet                 
20010b51  ADCChannelDisable                     
20010b89  ADCChannelEnable                      
20010bc1  NwpPowerOff                           
20010bf9  pvPortMalloc                          
20010c19  vPortFree                             
20010c31  __aeabi_f2d                           
20010c69  __aeabi_f2iz                          
20010ca1  GPIODirModeSet                        
20010cd7  sl_NetAppMDNSUnRegisterService        
20010d0d  PRCMPeripheralStatusGet               
20010d41  SPIFIFOLevelSet                       
20010d75  feraiseexcept                         
20010da9  __aeabi_f2uiz                         
20010ddd  PinTypeGPIO                           
20010e0d  UARTDisable                           
20010e3d  _SlDrvDeviceEventHandler              
20010e6d  _Feraise                              
20010e9d  sl_Close                              
20010ecd  sl_WlanProfileDel                     
20010efd  sl_WlanSetMode                        
20010f2d  __aeabi_i2d                           
20010f5b  raise                                 
20010f89  DmaSpiSwIntHandler                    
20010fb5  I2CMasterErr                          
20010fe1  NwpPowerOn                            
2001100d  PRCMSysResetCauseGet                  
20011039  strspn                                
20011063  _Dclass                               
2001108d  PRCMPeripheralClkDisable              
200110b5  NwpRegisterInterruptHandler           
200110dd  IntUnregister                         
20011101  UARTEnable                            
20011125  _SlDrvProtectionObjLockWaitForever    
20011149  memmove                               
2001116d  strcspn                               
20011191  __aeabi_ui2f                          
200111b5  ADCTimerConfig                        
200111d7  I2CMasterSlaveAddrSet                 
200111f9  SPIReset                              
2001121b  SPIWordCountSet                       
2001123d  frexp                                 
2001125f  GPIOPinWrite                          
20011281  IntRegister                           
200112a1  SPIDataGet                            
200112c1  _SlDrvProtectionObjUnLock             
200112e1  I2CMasterIntStatusEx                  
200112ff  SPIDataPut                            
2001131d  UARTCharPut                           
20011359  ADCFIFOLvlGet                         
20011375  PinTypeI2C                            
20011391  UARTCharGetNonBlocking                
200113ad  _SlDrvObjLockWaitForever              
200113c9  _SlDrvSyncObjWaitForever              
200113e5  memccpy                               
20011401  uDMAChannelEnable                     
2001141d  GPIOIntEnable                         
20011437  PinTypeSPI                            
20011451  PinTypeUART                           
2001146b  SPIDmaDisable                         
20011485  SPIDmaEnable                          
2001149f  SPIFIFODisable                        
200114b9  SPIFIFOEnable                         
200114d3  ADCFIFORead                           
200114eb  GPIOPinRead                           
20011503  SPICSDisable                          
2001151b  SPICSEnable                           
20011533  SPIDisable                            
2001154b  SPIEnable                             
20011563  UARTCharsAvail                        
2001157b  _SlDrvObjUnLock                       
20011593  _SlDrvSyncObjSignal                   
200115ad  _sl_GetStartResponseConvert           
200115c5  _args_main                            
200115dd  ADCTimerEnable                        
200115f3  I2CMasterDataPut                      
20011609  I2CMasterEnable                       
2001161f  PRCMHIBRegRead                        
20011635  PRCMHIBRegWrite                       
2001164b  _SlDrvMemZero                         
20011661  strchr                                
20011677  ADCEnable                             
2001168b  CPUcpsie                              
2001169f  GPIOIntClear                          
200116b5  IntVTableBaseSet                      
200116c9  PinTypeADC                            
200116dd  _register_unlock                      
200116e3  _register_lock                        
200116eb  _nop                                  
200116f1  strlen                                
20011705  I2CMasterControl                      
20011717  I2CMasterIntClearEx                   
20011729  I2CMasterTimeoutSet                   
2001173b  I2CMasterDataGet                      
20011749  _SlDrvResetCmdExt                     
20011757  __TI_decompress_none                  
20011765  ResetISR                              
20011775  NwpMaskInterrupt                      
20011781  NwpUnMaskInterrupt                    
2001178d  __TI_zero_init                        
20011799  sl_WlanDisconnect                     
200117a5  IntMasterEnable                       
200117af  UtilsDelay                            
200117b5  __TI_decompress_rle24                 
200117bb  log                                   
200117c1  _system_pre_init                      
200117c8  simpleFont                            
20011bf4  _ctypes_                              
200120f0  OpcodeTranslateTable                  
2001212c  _SlPolicySetCmdCtrl                   
20012130  _SlPolicyGetCmdCtrl                   
20012134  _SlProfileGetCmdCtrl                  
20012138  _SlProfileDelCmdCtrl                  
2001213c  _SlWlanGetNetworkListCtrl             
20012140  _SlRxFilterAddtCmdCtrl                
20012144  _SlRxFilterSetCmdCtrl                 
20012148  _SlRxFilterGetCmdCtrl                 
2001214c  _SlSmartConfigStartCmdCtrl            
20012150  _SlWlanSetModeCmdCtrl                 
20012154  _SlWlanCfgSetCmdCtrl                  
20012158  _SlWlanCfgGetCmdCtrl                  
20012168  _SlActionLookupTable                  
200121d8  g_H2NSyncPattern                      
200121e0  g_H2NCnysPattern                      
200121e8  RxMsgClassLUT                         
2001220c  _SlSockSocketCmdCtrl                  
20012210  _SlSockCloseCmdCtrl                   
20012214  _SlRecvfomCmdCtrl                     
20012218  _SlSendCmdCtrl                        
2001221c  _SlListenCmdCtrl                      
20012220  _SlAcceptCmdCtrl                      
20012224  _SlRecvCmdCtrl                        
20012228  _SlSetSockOptCmdCtrl                  
2001222c  _SlGetSockOptCmdCtrl                  
20012230  _SlSelectCmdCtrl                      
200122c8  _SlNetAppStartCtrl                    
200122cc  _SlNetAppStopCtrl                     
200122d0  _SlGetServiceListeCtrl                
200122d4  _SlRegisterServiceCtrl                
200122d8  _SlGetHostByServiceCtrl               
200122dc  _SlGetHostByNameCtrl                  
200122e0  _SlNetAppSetCmdCtrl                   
200122e4  _SlNetAppSendTokenValueCmdCtrl        
200122e8  _SlNetAppGetCmdCtrl                   
2001234c  _SlStopCmdCtrl                        
20012350  _SlEventMaskSetCmdCtrl                
20012354  _SlEventMaskGetCmdCtrl                
20012358  _SlDeviceGetCmdCtrl                   
2001235c  _SlDeviceSetCmdCtrl                   
20012360  _SlPayloadByProtocolLUT               
2001237c  StartResponseLUT                      
20012384  _SlNetCfgSetCmdCtrl                   
20012388  _SlNetCfgGetCmdCtrl                   
20012390  __TI_static_base__                    
2001243c  __TI_Handler_Table_Base               
20012448  __TI_Handler_Table_Limit              
20012450  __TI_CINIT_Base                       
20012460  __TI_CINIT_Limit                      
20017000  pulAdcSamples                         
2001b000  g_StatMem                             
2001b240  g_cBsdBuf                             
2001b2a4  g_ucDinDout                           
2001b2f4  xQueueRegistry                        
2001b344  g_cLight                              
2001b368  g_cTemp                               
2001b38c  g_cVoice                              
2001b3b0  g_ucConnectionSSID                    
2001b438  g_ucConnectionBSSID                   
2001b440  DMAMsgQ                               
2001b448  g_cDummy                              
2001b44c  g_cRev                                
2001b450  g_light                               
2001b454  g_sockID                              
2001b458  g_temp                                
2001b45c  g_voice                               
2001b468  RxIrqCnt                              
2001b469  g_ucLED1Pin                           
2001b46a  g_ucLED2Pin                           
2001b46b  g_ucLED3Pin                           
2001b470  _sys_memory                           
2001d520  _Denorm                               
2001d530  _Eps                                  
2001d540  _Hugeval                              
2001d550  _Inf                                  
2001d560  _Nan                                  
2001d570  _Snan                                 
2001d580  _Rteps                                
2001d590  _Xbig                                 
2001d598  _Zero                                 
2001d5a0  _FDenorm                              
2001d5b0  _FEps                                 
2001d5c0  _FInf                                 
2001d5d0  _FNan                                 
2001d5e0  _FSnan                                
2001d5f0  _FRteps                               
2001d600  _FXbig                                
2001d604  _FZero                                
2001d608  pxCurrentTCB                          
2001d63c  g_ulStatus                            
2001d640  g_ulPingPacketsRecv                   
2001d644  g_ulGatewayIP                         
2001d648  g_ulDestinationIp                     
2001d64c  g_uiPortNum                           
2001d650  g_ulPacketCount                       
2001d654  g_ucConnectionStatus                  
2001d655  g_ucSimplelinkstarted                 
2001d658  g_ulIpAddr                            
2001d65c  g_sensor_flag                         
2001d660  connect_flag                          
2001d678  g_uiLED1Port                          
2001d67c  g_uiLED2Port                          
2001d680  g_uiLED3Port                          
2001d684  xHigherPriorityTaskWoken              
2001d688  xSimpleLinkSpawnQueue                 
2001d68c  xSimpleLinkSpawnTaskHndl              
2001d69c  g_SpiFd                               
2001d6a0  g_pHostIntHdl                         
2001d6a4  g_ucDMAEnabled                        
2001d6a8  g_pCB                                 
2001d6ac  pPingCallBackFunc                     
2001d6b0  gFirstCmdMode                         
2001d6b4  _lock                                 
2001d6b8  _unlock                               
2001d6bc  __TI_cleanup_ptr                      
2001d6c0  __TI_dtors_ptr                        
2001d6c4  _Fenv                                 
2001d6c8  _Tls_setup__Fenv                      
2001d6d0  _Errno                                
2001d6d4  main_func_sp                          
2001d6dc  uiIndex                               
2002f000  __stack                               
20030000  __STACK_END                           
ffffffff  __binit__                             
ffffffff  __c_args__                            
ffffffff  binit                                 
UNDEFED   SHT$$INIT_ARRAY$$Base                 
UNDEFED   SHT$$INIT_ARRAY$$Limit                

[575 symbols]
